Archive member included to satisfy reference by file (symbol)

d:/gcc-arm-none-eabi-10.3-2021.10/bin/../lib/gcc/arm-none-eabi/10.3.1/../../../../arm-none-eabi/lib/thumb/v7e-m/nofp\libm.a(lib_a-w_atan2.o)
                              CMakeFiles/Small_Television.elf.dir/OLED/Src/OLED.c.obj (atan2)
d:/gcc-arm-none-eabi-10.3-2021.10/bin/../lib/gcc/arm-none-eabi/10.3.1/../../../../arm-none-eabi/lib/thumb/v7e-m/nofp\libm.a(lib_a-e_atan2.o)
                              d:/gcc-arm-none-eabi-10.3-2021.10/bin/../lib/gcc/arm-none-eabi/10.3.1/../../../../arm-none-eabi/lib/thumb/v7e-m/nofp\libm.a(lib_a-w_atan2.o) (__ieee754_atan2)
d:/gcc-arm-none-eabi-10.3-2021.10/bin/../lib/gcc/arm-none-eabi/10.3.1/../../../../arm-none-eabi/lib/thumb/v7e-m/nofp\libm.a(lib_a-s_atan.o)
                              d:/gcc-arm-none-eabi-10.3-2021.10/bin/../lib/gcc/arm-none-eabi/10.3.1/../../../../arm-none-eabi/lib/thumb/v7e-m/nofp\libm.a(lib_a-e_atan2.o) (atan)
d:/gcc-arm-none-eabi-10.3-2021.10/bin/../lib/gcc/arm-none-eabi/10.3.1/../../../../arm-none-eabi/lib/thumb/v7e-m/nofp\libm.a(lib_a-s_fabs.o)
                              d:/gcc-arm-none-eabi-10.3-2021.10/bin/../lib/gcc/arm-none-eabi/10.3.1/../../../../arm-none-eabi/lib/thumb/v7e-m/nofp\libm.a(lib_a-e_atan2.o) (fabs)
d:/gcc-arm-none-eabi-10.3-2021.10/bin/../lib/gcc/arm-none-eabi/10.3.1/thumb/v7e-m/nofp\libgcc.a(_arm_muldf3.o)
                              CMakeFiles/Small_Television.elf.dir/Cpp_Core/Src/SuperVoiceWave.cpp.obj (__aeabi_dmul)
d:/gcc-arm-none-eabi-10.3-2021.10/bin/../lib/gcc/arm-none-eabi/10.3.1/thumb/v7e-m/nofp\libgcc.a(_arm_addsubdf3.o)
                              CMakeFiles/Small_Television.elf.dir/MENU/Src/MENU.c.obj (__aeabi_dsub)
d:/gcc-arm-none-eabi-10.3-2021.10/bin/../lib/gcc/arm-none-eabi/10.3.1/thumb/v7e-m/nofp\libgcc.a(_arm_muldivdf3.o)
                              CMakeFiles/Small_Television.elf.dir/OLED/Src/OLED.c.obj (__aeabi_ddiv)
d:/gcc-arm-none-eabi-10.3-2021.10/bin/../lib/gcc/arm-none-eabi/10.3.1/thumb/v7e-m/nofp\libgcc.a(_arm_cmpdf2.o)
                              CMakeFiles/Small_Television.elf.dir/OLED/Src/OLED.c.obj (__aeabi_dcmplt)
d:/gcc-arm-none-eabi-10.3-2021.10/bin/../lib/gcc/arm-none-eabi/10.3.1/thumb/v7e-m/nofp\libgcc.a(_arm_fixdfsi.o)
                              CMakeFiles/Small_Television.elf.dir/MENU/Src/MENU.c.obj (__aeabi_d2iz)
d:/gcc-arm-none-eabi-10.3-2021.10/bin/../lib/gcc/arm-none-eabi/10.3.1/thumb/v7e-m/nofp\libgcc.a(_arm_fixunsdfsi.o)
                              CMakeFiles/Small_Television.elf.dir/OLED/Src/OLED.c.obj (__aeabi_d2uiz)
d:/gcc-arm-none-eabi-10.3-2021.10/bin/../lib/gcc/arm-none-eabi/10.3.1/thumb/v7e-m/nofp\libgcc.a(_arm_truncdfsf2.o)
                              CMakeFiles/Small_Television.elf.dir/Cpp_Core/Src/SuperVoiceWave.cpp.obj (__aeabi_d2f)
d:/gcc-arm-none-eabi-10.3-2021.10/bin/../lib/gcc/arm-none-eabi/10.3.1/thumb/v7e-m/nofp\libgcc.a(_arm_addsubsf3.o)
                              CMakeFiles/Small_Television.elf.dir/MENU/Src/MENU.c.obj (__aeabi_fsub)
d:/gcc-arm-none-eabi-10.3-2021.10/bin/../lib/gcc/arm-none-eabi/10.3.1/thumb/v7e-m/nofp\libgcc.a(_arm_cmpsf2.o)
                              CMakeFiles/Small_Television.elf.dir/MENU/Src/MENU.c.obj (__aeabi_fcmpeq)
d:/gcc-arm-none-eabi-10.3-2021.10/bin/../lib/gcc/arm-none-eabi/10.3.1/thumb/v7e-m/nofp\libgcc.a(_arm_fixsfsi.o)
                              CMakeFiles/Small_Television.elf.dir/MENU/Src/MENU.c.obj (__aeabi_f2iz)
d:/gcc-arm-none-eabi-10.3-2021.10/bin/../lib/gcc/arm-none-eabi/10.3.1/thumb/v7e-m/nofp\libgcc.a(_aeabi_uldivmod.o)
                              CMakeFiles/Small_Television.elf.dir/Drivers/STM32F4xx_HAL_Driver/Src/stm32f4xx_hal_rcc.c.obj (__aeabi_uldivmod)
d:/gcc-arm-none-eabi-10.3-2021.10/bin/../lib/gcc/arm-none-eabi/10.3.1/thumb/v7e-m/nofp\libgcc.a(_udivmoddi4.o)
                              d:/gcc-arm-none-eabi-10.3-2021.10/bin/../lib/gcc/arm-none-eabi/10.3.1/thumb/v7e-m/nofp\libgcc.a(_aeabi_uldivmod.o) (__udivmoddi4)
d:/gcc-arm-none-eabi-10.3-2021.10/bin/../lib/gcc/arm-none-eabi/10.3.1/thumb/v7e-m/nofp\libgcc.a(unwind-arm.o)
                              CMakeFiles/Small_Television.elf.dir/Cpp_Core/Src/DHT11.cpp.obj (__aeabi_unwind_cpp_pr0)
d:/gcc-arm-none-eabi-10.3-2021.10/bin/../lib/gcc/arm-none-eabi/10.3.1/thumb/v7e-m/nofp\libgcc.a(libunwind.o)
                              d:/gcc-arm-none-eabi-10.3-2021.10/bin/../lib/gcc/arm-none-eabi/10.3.1/thumb/v7e-m/nofp\libgcc.a(unwind-arm.o) (restore_core_regs)
d:/gcc-arm-none-eabi-10.3-2021.10/bin/../lib/gcc/arm-none-eabi/10.3.1/thumb/v7e-m/nofp\libgcc.a(pr-support.o)
                              d:/gcc-arm-none-eabi-10.3-2021.10/bin/../lib/gcc/arm-none-eabi/10.3.1/thumb/v7e-m/nofp\libgcc.a(unwind-arm.o) (__gnu_unwind_execute)
d:/gcc-arm-none-eabi-10.3-2021.10/bin/../lib/gcc/arm-none-eabi/10.3.1/thumb/v7e-m/nofp\libgcc.a(_dvmd_tls.o)
[...]
Memory Configuration

Name             Origin             Length             Attributes
RAM              0x20000000         0x00020000         xrw
CCMRAM           0x10000000         0x00010000         xrw
FLASH            0x08000000         0x00100000         xr
*default*        0x00000000         0xffffffff

Linker script and memory map

LOAD d:/gcc-arm-none-eabi-10.3-2021.10/bin/../lib/gcc/arm-none-eabi/10.3.1/thumb/v7e-m/nofp/crti.o
LOAD d:/gcc-arm-none-eabi-10.3-2021.10/bin/../lib/gcc/arm-none-eabi/10.3.1/thumb/v7e-m/nofp/crtbegin.o
LOAD d:/gcc-arm-none-eabi-10.3-2021.10/bin/../lib/gcc/arm-none-eabi/10.3.1/../../../../arm-none-eabi/lib/thumb/v7e-m/nofp/crt0.o
LOAD CMakeFiles/Small_Television.elf.dir/Core/Src/adc.c.obj
LOAD CMakeFiles/Small_Television.elf.dir/Core/Src/dma.c.obj
LOAD CMakeFiles/Small_Television.elf.dir/Core/Src/gpio.c.obj
LOAD CMakeFiles/Small_Television.elf.dir/Core/Src/i2c.c.obj
LOAD CMakeFiles/Small_Television.elf.dir/Core/Src/main.c.obj
LOAD CMakeFiles/Small_Television.elf.dir/Core/Src/stm32f4xx_hal_msp.c.obj
LOAD CMakeFiles/Small_Television.elf.dir/Core/Src/stm32f4xx_it.c.obj
LOAD CMakeFiles/Small_Television.elf.dir/Core/Src/syscalls.c.obj
LOAD CMakeFiles/Small_Television.elf.dir/Core/Src/system_stm32f4xx.c.obj
LOAD CMakeFiles/Small_Television.elf.dir/Core/Src/tim.c.obj
LOAD CMakeFiles/Small_Television.elf.dir/Cpp_Core/Src/BuzzerControl.cpp.obj
LOAD CMakeFiles/Small_Television.elf.dir/Cpp_Core/Src/DHT11.cpp.obj
LOAD CMakeFiles/Small_Television.elf.dir/Cpp_Core/Src/DS3231.c.obj
LOAD CMakeFiles/Small_Television.elf.dir/Cpp_Core/Src/DoubleButtonControl.cpp.obj
LOAD CMakeFiles/Small_Television.elf.dir/Cpp_Core/Src/Funcs.cpp.obj
LOAD CMakeFiles/Small_Television.elf.dir/Cpp_Core/Src/SuperVoiceWave.cpp.obj
LOAD CMakeFiles/Small_Television.elf.dir/Cpp_Core/Src/TLB_OLED.cpp.obj
LOAD CMakeFiles/Small_Television.elf.dir/Cpp_Core/Src/usTIM.cpp.obj
LOAD CMakeFiles/Small_Television.elf.dir/Cpp_Hand/Src/Cpp_Hand.cpp.obj
LOAD CMakeFiles/Small_Television.elf.dir/Drivers/STM32F4xx_HAL_Driver/Src/stm32f4xx_hal.c.obj
LOAD CMakeFiles/Small_Television.elf.dir/Drivers/STM32F4xx_HAL_Driver/Src/stm32f4xx_hal_adc.c.obj
LOAD CMakeFiles/Small_Television.elf.dir/Drivers/STM32F4xx_HAL_Driver/Src/stm32f4xx_hal_adc_ex.c.obj
LOAD CMakeFiles/Small_Television.elf.dir/Drivers/STM32F4xx_HAL_Driver/Src/stm32f4xx_hal_cortex.c.obj
LOAD CMakeFiles/Small_Television.elf.dir/Drivers/STM32F4xx_HAL_Driver/Src/stm32f4xx_hal_dma.c.obj
LOAD CMakeFiles/Small_Television.elf.dir/Drivers/STM32F4xx_HAL_Driver/Src/stm32f4xx_hal_dma_ex.c.obj
LOAD CMakeFiles/Small_Television.elf.dir/Drivers/STM32F4xx_HAL_Driver/Src/stm32f4xx_hal_exti.c.obj
LOAD CMakeFiles/Small_Television.elf.dir/Drivers/STM32F4xx_HAL_Driver/Src/stm32f4xx_hal_flash.c.obj
LOAD CMakeFiles/Small_Television.elf.dir/Drivers/STM32F4xx_HAL_Driver/Src/stm32f4xx_hal_flash_ex.c.obj
LOAD CMakeFiles/Small_Television.elf.dir/Drivers/STM32F4xx_HAL_Driver/Src/stm32f4xx_hal_flash_ramfunc.c.obj
LOAD CMakeFiles/Small_Television.elf.dir/Drivers/STM32F4xx_HAL_Driver/Src/stm32f4xx_hal_gpio.c.obj
LOAD CMakeFiles/Small_Television.elf.dir/Drivers/STM32F4xx_HAL_Driver/Src/stm32f4xx_hal_i2c.c.obj
LOAD CMakeFiles/Small_Television.elf.dir/Drivers/STM32F4xx_HAL_Driver/Src/stm32f4xx_hal_i2c_ex.c.obj
LOAD CMakeFiles/Small_Television.elf.dir/Drivers/STM32F4xx_HAL_Driver/Src/stm32f4xx_hal_pwr.c.obj
LOAD CMakeFiles/Small_Television.elf.dir/Drivers/STM32F4xx_HAL_Driver/Src/stm32f4xx_hal_pwr_ex.c.obj
LOAD CMakeFiles/Small_Television.elf.dir/Drivers/STM32F4xx_HAL_Driver/Src/stm32f4xx_hal_rcc.c.obj
LOAD CMakeFiles/Small_Television.elf.dir/Drivers/STM32F4xx_HAL_Driver/Src/stm32f4xx_hal_rcc_ex.c.obj
LOAD CMakeFiles/Small_Television.elf.dir/Drivers/STM32F4xx_HAL_Driver/Src/stm32f4xx_hal_tim.c.obj
LOAD CMakeFiles/Small_Television.elf.dir/Drivers/STM32F4xx_HAL_Driver/Src/stm32f4xx_hal_tim_ex.c.obj
LOAD CMakeFiles/Small_Television.elf.dir/Drivers/STM32F4xx_HAL_Driver/Src/stm32f4xx_ll_adc.c.obj
LOAD CMakeFiles/Small_Television.elf.dir/MENU/Src/MENU.c.obj
LOAD CMakeFiles/Small_Television.elf.dir/OLED/Src/OLED.c.obj
LOAD CMakeFiles/Small_Television.elf.dir/OLED/Src/OLED_Data.c.obj
LOAD CMakeFiles/Small_Television.elf.dir/startup/startup_stm32f407xx.s.obj
LOAD d:/gcc-arm-none-eabi-10.3-2021.10/bin/../lib/gcc/arm-none-eabi/10.3.1/../../../../arm-none-eabi/lib/thumb/v7e-m/nofp\libstdc++.a
LOAD d:/gcc-arm-none-eabi-10.3-2021.10/bin/../lib/gcc/arm-none-eabi/10.3.1/../../../../arm-none-eabi/lib/thumb/v7e-m/nofp\libm.a
START GROUP
LOAD d:/gcc-arm-none-eabi-10.3-2021.10/bin/../lib/gcc/arm-none-eabi/10.3.1/thumb/v7e-m/nofp\libgcc.a
LOAD d:/gcc-arm-none-eabi-10.3-2021.10/bin/../lib/gcc/arm-none-eabi/10.3.1/../../../../arm-none-eabi/lib/thumb/v7e-m/nofp\libg.a
LOAD d:/gcc-arm-none-eabi-10.3-2021.10/bin/../lib/gcc/arm-none-eabi/10.3.1/../../../../arm-none-eabi/lib/thumb/v7e-m/nofp\libc.a
END GROUP
LOAD d:/gcc-arm-none-eabi-10.3-2021.10/bin/../lib/gcc/arm-none-eabi/10.3.1/thumb/v7e-m/nofp/crtend.o
LOAD d:/gcc-arm-none-eabi-10.3-2021.10/bin/../lib/gcc/arm-none-eabi/10.3.1/thumb/v7e-m/nofp/crtn.o
                0x20020000                _estack = (ORIGIN (RAM) + LENGTH (RAM))
                0x00000200                _Min_Heap_Size = 0x200
                0x00000400                _Min_Stack_Size = 0x400

.isr_vector     0x08000000      0x188
                0x08000000                . = ALIGN (0x4)
 *(.isr_vector)
 .isr_vector    0x08000000      0x188 CMakeFiles/Small_Television.elf.dir/startup/startup_stm32f407xx.s.obj
                0x08000000                g_pfnVectors
                0x08000188                . = ALIGN (0x4)

.text           0x080001c0     0xd3bc
                0x080001c0                . = ALIGN (0x4)
 *(.text)
 .text          0x080001c0       0x40 d:/gcc-arm-none-eabi-10.3-2021.10/bin/../lib/gcc/arm-none-eabi/10.3.1/thumb/v7e-m/nofp/crtbegin.o
 .text          0x08000200      0x378 d:/gcc-arm-none-eabi-10.3-2021.10/bin/../lib/gcc/arm-none-eabi/10.3.1/thumb/v7e-m/nofp\libgcc.a(_arm_addsubdf3.o)
                0x08000200                __aeabi_drsub
                0x08000208                __aeabi_dsub
                0x08000208                __subdf3
                0x0800020c                __aeabi_dadd
                0x0800020c                __adddf3
                0x08000484                __floatunsidf
                0x08000484                __aeabi_ui2d
                0x080004a4                __floatsidf
                0x080004a4                __aeabi_i2d
                0x080004c8                __aeabi_f2d
                0x080004c8                __extendsfdf2
                0x0800050c                __floatundidf
                0x0800050c                __aeabi_ul2d
                0x0800051c                __floatdidf
                0x0800051c                __aeabi_l2d
 .text          0x08000578      0x424 d:/gcc-arm-none-eabi-10.3-2021.10/bin/../lib/gcc/arm-none-eabi/10.3.1/thumb/v7e-m/nofp\libgcc.a(_arm_muldivdf3.o)
                0x08000578                __aeabi_dmul
                0x08000578                __muldf3
                0x080007cc                __divdf3
                0x080007cc                __aeabi_ddiv
 .text          0x0800099c      0x110 d:/gcc-arm-none-eabi-10.3-2021.10/bin/../lib/gcc/arm-none-eabi/10.3.1/thumb/v7e-m/nofp\libgcc.a(_arm_cmpdf2.o)
                0x0800099c                __gtdf2
                0x0800099c                __gedf2
                0x080009a4                __ltdf2
                0x080009a4                __ledf2
                0x080009ac                __nedf2
                0x080009ac                __eqdf2
                0x080009ac                __cmpdf2
                0x08000a28                __aeabi_cdrcmple
                0x08000a38                __aeabi_cdcmpeq
                0x08000a38                __aeabi_cdcmple
                0x08000a48                __aeabi_dcmpeq
                0x08000a5c                __aeabi_dcmplt
                0x08000a70                __aeabi_dcmple
                0x08000a84                __aeabi_dcmpge
                0x08000a98                __aeabi_dcmpgt
 .text          0x08000aac       0x50 d:/gcc-arm-none-eabi-10.3-2021.10/bin/../lib/gcc/arm-none-eabi/10.3.1/thumb/v7e-m/nofp\libgcc.a(_arm_fixdfsi.o)
                0x08000aac                __aeabi_d2iz
                0x08000aac                __fixdfsi
 .text          0x08000afc       0xa0 d:/gcc-arm-none-eabi-10.3-2021.10/bin/../lib/gcc/arm-none-eabi/10.3.1/thumb/v7e-m/nofp\libgcc.a(_arm_truncdfsf2.o)
                0x08000afc                __truncdfsf2
                0x08000afc                __aeabi_d2f
 .text          0x08000b9c      0x21c d:/gcc-arm-none-eabi-10.3-2021.10/bin/../lib/gcc/arm-none-eabi/10.3.1/thumb/v7e-m/nofp\libgcc.a(_arm_addsubsf3.o)
                0x08000b9c                __aeabi_frsub
                0x08000ba4                __subsf3
                0x08000ba4                __aeabi_fsub
                0x08000ba8                __aeabi_fadd
                0x08000ba8                __addsf3
                0x08000d08                __aeabi_ui2f
                0x08000d08                __floatunsisf
                0x08000d10                __aeabi_i2f
                0x08000d10                __floatsisf
                0x08000d2c                __aeabi_ul2f
                0x08000d2c                __floatundisf
                0x08000d3c                __aeabi_l2f
                0x08000d3c                __floatdisf
 .text          0x08000db8       0xec d:/gcc-arm-none-eabi-10.3-2021.10/bin/../lib/gcc/arm-none-eabi/10.3.1/thumb/v7e-m/nofp\libgcc.a(_arm_cmpsf2.o)
                0x08000db8                __gesf2
                0x08000db8                __gtsf2
                0x08000dc0                __lesf2
                0x08000dc0                __ltsf2
                0x08000dc8                __nesf2
                0x08000dc8                __eqsf2
                0x08000dc8                __cmpsf2
                0x08000e28                __aeabi_cfrcmple
                0x08000e30                __aeabi_cfcmpeq
                0x08000e30                __aeabi_cfcmple
                0x08000e40                __aeabi_fcmpeq
                0x08000e54                __aeabi_fcmplt
                0x08000e68                __aeabi_fcmple
                0x08000e7c                __aeabi_fcmpge
                0x08000e90                __aeabi_fcmpgt
 .text          0x08000ea4       0x4c d:/gcc-arm-none-eabi-10.3-2021.10/bin/../lib/gcc/arm-none-eabi/10.3.1/thumb/v7e-m/nofp\libgcc.a(_arm_fixsfsi.o)
                0x08000ea4                __aeabi_f2iz
                0x08000ea4                __fixsfsi
 .text          0x08000ef0       0x30 d:/gcc-arm-none-eabi-10.3-2021.10/bin/../lib/gcc/arm-none-eabi/10.3.1/thumb/v7e-m/nofp\libgcc.a(_aeabi_uldivmod.o)
                0x08000ef0                __aeabi_uldivmod
 .text          0x08000f20      0x2d0 d:/gcc-arm-none-eabi-10.3-2021.10/bin/../lib/gcc/arm-none-eabi/10.3.1/thumb/v7e-m/nofp\libgcc.a(_udivmoddi4.o)
                0x08000f20                __udivmoddi4
 .text          0x080011f0      0x9d8 d:/gcc-arm-none-eabi-10.3-2021.10/bin/../lib/gcc/arm-none-eabi/10.3.1/thumb/v7e-m/nofp\libgcc.a(unwind-arm.o)
                0x08001498                _Unwind_GetCFA
                0x0800149c                __gnu_Unwind_RaiseException
                0x08001504                __gnu_Unwind_ForcedUnwind
                0x08001514                __gnu_Unwind_Resume
                0x08001558                __gnu_Unwind_Resume_or_Rethrow
                0x08001568                _Unwind_Complete
                0x0800156c                _Unwind_DeleteException
                0x08001578                _Unwind_VRS_Get
                0x080015c4                _Unwind_VRS_Set
                0x0800160c                __gnu_Unwind_Backtrace
                0x08001938                __aeabi_unwind_cpp_pr0
                0x0800193c                __aeabi_unwind_cpp_pr1
                0x08001940                __aeabi_unwind_cpp_pr2
                0x08001944                _Unwind_VRS_Pop
 .text          0x08001bc8      0x1ac d:/gcc-arm-none-eabi-10.3-2021.10/bin/../lib/gcc/arm-none-eabi/10.3.1/thumb/v7e-m/nofp\libgcc.a(libunwind.o)
                0x08001bc8                __restore_core_regs
                0x08001bc8                restore_core_regs
                0x08001be0                __gnu_Unwind_Restore_VFP
                0x08001be8                __gnu_Unwind_Save_VFP
                0x08001bf0                __gnu_Unwind_Restore_VFP_D
                0x08001bf8                __gnu_Unwind_Save_VFP_D
                0x08001c00                __gnu_Unwind_Restore_VFP_D_16_to_31
                0x08001c08                __gnu_Unwind_Save_VFP_D_16_to_31
                0x08001c10                __gnu_Unwind_Restore_WMMXD
                0x08001c54                __gnu_Unwind_Save_WMMXD
                0x08001c98                __gnu_Unwind_Restore_WMMXC
                0x08001cac                __gnu_Unwind_Save_WMMXC
                0x08001cc0                ___Unwind_RaiseException
                0x08001cc0                _Unwind_RaiseException
                0x08001ce4                _Unwind_Resume
                0x08001ce4                ___Unwind_Resume
                0x08001d08                _Unwind_Resume_or_Rethrow
                0x08001d08                ___Unwind_Resume_or_Rethrow
                0x08001d2c                _Unwind_ForcedUnwind
                0x08001d2c                ___Unwind_ForcedUnwind
                0x08001d50                ___Unwind_Backtrace
                0x08001d50                _Unwind_Backtrace
 .text          0x08001d74      0x350 d:/gcc-arm-none-eabi-10.3-2021.10/bin/../lib/gcc/arm-none-eabi/10.3.1/thumb/v7e-m/nofp\libgcc.a(pr-support.o)
                0x08001dcc                __gnu_unwind_execute
                0x08002078                __gnu_unwind_frame
                0x080020a4                _Unwind_GetRegionStart
                0x080020b0                _Unwind_GetLanguageSpecificData
 .text          0x080020c4        0x4 d:/gcc-arm-none-eabi-10.3-2021.10/bin/../lib/gcc/arm-none-eabi/10.3.1/thumb/v7e-m/nofp\libgcc.a(_dvmd_tls.o)
                0x080020c4                __aeabi_idiv0
                0x080020c4                __aeabi_ldiv0
 .text          0x080020c8      0x134 d:/gcc-arm-none-eabi-10.3-2021.10/bin/../lib/gcc/arm-none-eabi/10.3.1/../../../../arm-none-eabi/lib/thumb/v7e-m/nofp\libg.a(lib_a-memcpy.o)
                0x080020c8                memcpy
 *fill*         0x080021fc        0x4 
 .text          0x08002200      0x2dc d:/gcc-arm-none-eabi-10.3-2021.10/bin/../lib/gcc/arm-none-eabi/10.3.1/../../../../arm-none-eabi/lib/thumb/v7e-m/nofp\libg.a(lib_a-strcmp.o)
                0x08002208                strcmp
 *fill*         0x080024dc       0x24 
 .text          0x08002500       0xdc d:/gcc-arm-none-eabi-10.3-2021.10/bin/../lib/gcc/arm-none-eabi/10.3.1/../../../../arm-none-eabi/lib/thumb/v7e-m/nofp\libg.a(lib_a-strlen.o)
                0x08002500                strlen
 *fill*         0x080025dc        0x4 
 .text          0x080025e0       0xa0 d:/gcc-arm-none-eabi-10.3-2021.10/bin/../lib/gcc/arm-none-eabi/10.3.1/../../../../arm-none-eabi/lib/thumb/v7e-m/nofp\libg.a(lib_a-memchr.o)
                0x080025e0                memchr
 .text          0x08002680       0x2c d:/gcc-arm-none-eabi-10.3-2021.10/bin/../lib/gcc/arm-none-eabi/10.3.1/thumb/v7e-m/nofp\libgcc.a(_arm_unorddf2.o)
                0x08002680                __unorddf2
                0x08002680                __aeabi_dcmpun
 *(.text*)
 .text.MX_ADC1_Init
                0x080026ac       0x6c CMakeFiles/Small_Television.elf.dir/Core/Src/adc.c.obj
                0x080026ac                MX_ADC1_Init
 .text.MX_ADC2_Init
                0x08002718       0x6c CMakeFiles/Small_Television.elf.dir/Core/Src/adc.c.obj
                0x08002718                MX_ADC2_Init
 .text.HAL_ADC_MspInit
                0x08002784      0x138 CMakeFiles/Small_Television.elf.dir/Core/Src/adc.c.obj
                0x08002784                HAL_ADC_MspInit
 .text.MX_DMA_Init
                0x080028bc       0x44 CMakeFiles/Small_Television.elf.dir/Core/Src/dma.c.obj
                0x080028bc                MX_DMA_Init
 .text.MX_GPIO_Init
                0x08002900      0x118 CMakeFiles/Small_Television.elf.dir/Core/Src/gpio.c.obj
                0x08002900                MX_GPIO_Init
 .text.MX_I2C1_Init
                0x08002a18       0x3c CMakeFiles/Small_Television.elf.dir/Core/Src/i2c.c.obj
                0x08002a18                MX_I2C1_Init
 .text.HAL_I2C_MspInit
                0x08002a54       0x70 CMakeFiles/Small_Television.elf.dir/Core/Src/i2c.c.obj
                0x08002a54                HAL_I2C_MspInit
 .text.Error_Handler
                0x08002ac4        0x4 CMakeFiles/Small_Television.elf.dir/Core/Src/main.c.obj
                0x08002ac4                Error_Handler
 .text.SystemClock_Config
                0x08002ac8       0xa0 CMakeFiles/Small_Television.elf.dir/Core/Src/main.c.obj
                0x08002ac8                SystemClock_Config
 .text.main     0x08002b68       0x3a CMakeFiles/Small_Television.elf.dir/Core/Src/main.c.obj
                0x08002b68                main
 *fill*         0x08002ba2        0x2 
 .text.HAL_MspInit
                0x08002ba4       0x38 CMakeFiles/Small_Television.elf.dir/Core/Src/stm32f4xx_hal_msp.c.obj
                0x08002ba4                HAL_MspInit
 .text.NMI_Handler
                0x08002bdc        0x2 CMakeFiles/Small_Television.elf.dir/Core/Src/stm32f4xx_it.c.obj
                0x08002bdc                NMI_Handler
 .text.HardFault_Handler
                0x08002bde        0x2 CMakeFiles/Small_Television.elf.dir/Core/Src/stm32f4xx_it.c.obj
                0x08002bde                HardFault_Handler
 .text.MemManage_Handler
                0x08002be0        0x2 CMakeFiles/Small_Television.elf.dir/Core/Src/stm32f4xx_it.c.obj
                0x08002be0                MemManage_Handler
 .text.BusFault_Handler
                0x08002be2        0x2 CMakeFiles/Small_Television.elf.dir/Core/Src/stm32f4xx_it.c.obj
                0x08002be2                BusFault_Handler
 .text.UsageFault_Handler
                0x08002be4        0x2 CMakeFiles/Small_Television.elf.dir/Core/Src/stm32f4xx_it.c.obj
                0x08002be4                UsageFault_Handler
 .text.SVC_Handler
                0x08002be6        0x2 CMakeFiles/Small_Television.elf.dir/Core/Src/stm32f4xx_it.c.obj
                0x08002be6                SVC_Handler
 .text.DebugMon_Handler
                0x08002be8        0x2 CMakeFiles/Small_Television.elf.dir/Core/Src/stm32f4xx_it.c.obj
                0x08002be8                DebugMon_Handler
 .text.PendSV_Handler
                0x08002bea        0x2 CMakeFiles/Small_Television.elf.dir/Core/Src/stm32f4xx_it.c.obj
                0x08002bea                PendSV_Handler
 .text.SysTick_Handler
                0x08002bec        0x8 CMakeFiles/Small_Television.elf.dir/Core/Src/stm32f4xx_it.c.obj
                0x08002bec                SysTick_Handler
 .text.EXTI2_IRQHandler
                0x08002bf4        0xa CMakeFiles/Small_Television.elf.dir/Core/Src/stm32f4xx_it.c.obj
                0x08002bf4                EXTI2_IRQHandler
 .text.EXTI3_IRQHandler
                0x08002bfe        0xa CMakeFiles/Small_Television.elf.dir/Core/Src/stm32f4xx_it.c.obj
                0x08002bfe                EXTI3_IRQHandler
 .text.TIM2_IRQHandler
                0x08002c08       0x10 CMakeFiles/Small_Television.elf.dir/Core/Src/stm32f4xx_it.c.obj
                0x08002c08                TIM2_IRQHandler
 .text.TIM8_CC_IRQHandler
                0x08002c18       0x10 CMakeFiles/Small_Television.elf.dir/Core/Src/stm32f4xx_it.c.obj
                0x08002c18                TIM8_CC_IRQHandler
 .text.DMA2_Stream0_IRQHandler
                0x08002c28       0x10 CMakeFiles/Small_Television.elf.dir/Core/Src/stm32f4xx_it.c.obj
                0x08002c28                DMA2_Stream0_IRQHandler
 .text.DMA2_Stream2_IRQHandler
                0x08002c38       0x10 CMakeFiles/Small_Television.elf.dir/Core/Src/stm32f4xx_it.c.obj
                0x08002c38                DMA2_Stream2_IRQHandler
 .text._getpid  0x08002c48        0x4 CMakeFiles/Small_Television.elf.dir/Core/Src/syscalls.c.obj
                0x08002c48                _getpid
 .text._kill    0x08002c4c       0x10 CMakeFiles/Small_Television.elf.dir/Core/Src/syscalls.c.obj
                0x08002c4c                _kill
 .text._exit    0x08002c5c        0xc CMakeFiles/Small_Television.elf.dir/Core/Src/syscalls.c.obj
                0x08002c5c                _exit
 .text._read    0x08002c68       0x20 CMakeFiles/Small_Television.elf.dir/Core/Src/syscalls.c.obj
                0x08002c68                _read
 .text._write   0x08002c88       0x1c CMakeFiles/Small_Television.elf.dir/Core/Src/syscalls.c.obj
                0x08002c88                _write
 .text._sbrk    0x08002ca4       0x3c CMakeFiles/Small_Television.elf.dir/Core/Src/syscalls.c.obj
                0x08002ca4                _sbrk
 .text._close   0x08002ce0        0x6 CMakeFiles/Small_Television.elf.dir/Core/Src/syscalls.c.obj
                0x08002ce0                _close
 .text._fstat   0x08002ce6        0xa CMakeFiles/Small_Television.elf.dir/Core/Src/syscalls.c.obj
                0x08002ce6                _fstat
 .text._isatty  0x08002cf0        0x4 CMakeFiles/Small_Television.elf.dir/Core/Src/syscalls.c.obj
                0x08002cf0                _isatty
 .text._lseek   0x08002cf4        0x4 CMakeFiles/Small_Television.elf.dir/Core/Src/syscalls.c.obj
                0x08002cf4                _lseek
 .text.SystemInit
                0x08002cf8        0x2 CMakeFiles/Small_Television.elf.dir/Core/Src/system_stm32f4xx.c.obj
                0x08002cf8                SystemInit
 *fill*         0x08002cfa        0x2 
 .text.MX_TIM1_Init
                0x08002cfc       0x70 CMakeFiles/Small_Television.elf.dir/Core/Src/tim.c.obj
                0x08002cfc                MX_TIM1_Init
 .text.MX_TIM2_Init
                0x08002d6c       0x70 CMakeFiles/Small_Television.elf.dir/Core/Src/tim.c.obj
                0x08002d6c                MX_TIM2_Init
 .text.MX_TIM5_Init
                0x08002ddc       0x70 CMakeFiles/Small_Television.elf.dir/Core/Src/tim.c.obj
                0x08002ddc                MX_TIM5_Init
 .text.MX_TIM8_Init
                0x08002e4c       0xbc CMakeFiles/Small_Television.elf.dir/Core/Src/tim.c.obj
                0x08002e4c                MX_TIM8_Init
 .text.HAL_TIM_Encoder_MspInit
                0x08002f08       0x6c CMakeFiles/Small_Television.elf.dir/Core/Src/tim.c.obj
                0x08002f08                HAL_TIM_Encoder_MspInit
 .text.HAL_TIM_Base_MspInit
                0x08002f74       0xd0 CMakeFiles/Small_Television.elf.dir/Core/Src/tim.c.obj
                0x08002f74                HAL_TIM_Base_MspInit
 .text.BeefStart
                0x08003044       0x14 CMakeFiles/Small_Television.elf.dir/Cpp_Core/Src/BuzzerControl.cpp.obj
                0x08003044                BeefStart
 .text.BeefStop
                0x08003058       0x14 CMakeFiles/Small_Television.elf.dir/Cpp_Core/Src/BuzzerControl.cpp.obj
                0x08003058                BeefStop
 .text._ZL11DHT11_UP_INv
                0x0800306c       0x20 CMakeFiles/Small_Television.elf.dir/Cpp_Core/Src/DHT11.cpp.obj
 .text._ZL12DHT11_PP_OUTv
                0x0800308c       0x20 CMakeFiles/Small_Television.elf.dir/Cpp_Core/Src/DHT11.cpp.obj
 .text._Z14DHT11_ReadBytev
                0x080030ac       0x5c CMakeFiles/Small_Television.elf.dir/Cpp_Core/Src/DHT11.cpp.obj
                0x080030ac                DHT11_ReadByte()
 .text._Z14DHT11_ReadDataP18DHT11_Data_TypeDef
                0x08003108       0xa4 CMakeFiles/Small_Television.elf.dir/Cpp_Core/Src/DHT11.cpp.obj
                0x08003108                DHT11_ReadData(DHT11_Data_TypeDef*)
 .text.BCD_DEC  0x080031ac       0x12 CMakeFiles/Small_Television.elf.dir/Cpp_Core/Src/DS3231.c.obj
                0x080031ac                BCD_DEC
 *fill*         0x080031be        0x2 
 .text.DEC_BCD  0x080031c0       0x24 CMakeFiles/Small_Television.elf.dir/Cpp_Core/Src/DS3231.c.obj
                0x080031c0                DEC_BCD
 .text.I2C_DS3231_ReadData
                0x080031e4       0x38 CMakeFiles/Small_Television.elf.dir/Cpp_Core/Src/DS3231.c.obj
                0x080031e4                I2C_DS3231_ReadData
 .text.I2C_DS3231_WriteData
                0x0800321c       0x28 CMakeFiles/Small_Television.elf.dir/Cpp_Core/Src/DS3231.c.obj
                0x0800321c                I2C_DS3231_WriteData
 .text.QF_DS3231_SetTime
                0x08003244       0x70 CMakeFiles/Small_Television.elf.dir/Cpp_Core/Src/DS3231.c.obj
                0x08003244                QF_DS3231_SetTime
 .text.QF_DS3231_ReadTime_ReturnPoint
                0x080032b4       0x70 CMakeFiles/Small_Television.elf.dir/Cpp_Core/Src/DS3231.c.obj
                0x080032b4                QF_DS3231_ReadTime_ReturnPoint
 .text.EncoderInit
                0x08003324       0x10 CMakeFiles/Small_Television.elf.dir/Cpp_Core/Src/DoubleButtonControl.cpp.obj
                0x08003324                EncoderInit
 .text._Z11count_valuev
                0x08003334       0x24 CMakeFiles/Small_Television.elf.dir/Cpp_Core/Src/DoubleButtonControl.cpp.obj
                0x08003334                count_value()
 .text.EncoderUpDown
                0x08003358       0x28 CMakeFiles/Small_Television.elf.dir/Cpp_Core/Src/DoubleButtonControl.cpp.obj
                0x08003358                EncoderUpDown
 .text.EncoderEnter
                0x08003380       0x18 CMakeFiles/Small_Television.elf.dir/Cpp_Core/Src/DoubleButtonControl.cpp.obj
                0x08003380                EncoderEnter
 .text._Z11limit_valuev
                0x08003398       0x2c CMakeFiles/Small_Television.elf.dir/Cpp_Core/Src/DoubleButtonControl.cpp.obj
                0x08003398                limit_value()
 .text.DoubleButtonInit
                0x080033c4       0x28 CMakeFiles/Small_Television.elf.dir/Cpp_Core/Src/DoubleButtonControl.cpp.obj
                0x080033c4                DoubleButtonInit
 .text.DoubleButtonEnter
                0x080033ec       0x18 CMakeFiles/Small_Television.elf.dir/Cpp_Core/Src/DoubleButtonControl.cpp.obj
                0x080033ec                DoubleButtonEnter
 .text.DoubleButtonUp
                0x08003404       0x38 CMakeFiles/Small_Television.elf.dir/Cpp_Core/Src/DoubleButtonControl.cpp.obj
                0x08003404                DoubleButtonUp
 .text.DoubleButtonDown
                0x0800343c       0x38 CMakeFiles/Small_Television.elf.dir/Cpp_Core/Src/DoubleButtonControl.cpp.obj
                0x0800343c                DoubleButtonDown
 .text.HAL_GPIO_EXTI_Callback
                0x08003474       0x24 CMakeFiles/Small_Television.elf.dir/Cpp_Core/Src/DoubleButtonControl.cpp.obj
                0x08003474                HAL_GPIO_EXTI_Callback
 .text._Z5Checkv
                0x08003498       0xa4 CMakeFiles/Small_Television.elf.dir/Cpp_Core/Src/Funcs.cpp.obj
                0x08003498                Check()
 .text._Z7SetTimev
                0x0800353c      0x20c CMakeFiles/Small_Television.elf.dir/Cpp_Core/Src/Funcs.cpp.obj
                0x0800353c                SetTime()
 .text._Z3Disv  0x08003748       0x6c CMakeFiles/Small_Television.elf.dir/Cpp_Core/Src/Funcs.cpp.obj
                0x08003748                Dis()
 .text._Z5Timerv
                0x080037b4       0xac CMakeFiles/Small_Television.elf.dir/Cpp_Core/Src/Funcs.cpp.obj
                0x080037b4                Timer()
 .text._Z5Aboutv
                0x08003860       0x74 CMakeFiles/Small_Television.elf.dir/Cpp_Core/Src/Funcs.cpp.obj
                0x08003860                About()
 .text.HAL_TIM_PeriodElapsedCallback
                0x080038d4       0x54 CMakeFiles/Small_Television.elf.dir/Cpp_Core/Src/Funcs.cpp.obj
                0x080038d4                HAL_TIM_PeriodElapsedCallback
 .text._Z14SuperVoiceInitv
                0x08003928       0x20 CMakeFiles/Small_Television.elf.dir/Cpp_Core/Src/SuperVoiceWave.cpp.obj
                0x08003928                SuperVoiceInit()
 .text._Z11getDistancev
                0x08003948       0x44 CMakeFiles/Small_Television.elf.dir/Cpp_Core/Src/SuperVoiceWave.cpp.obj
                0x08003948                getDistance()
 *fill*         0x0800398c        0x4 
 .text.HAL_TIM_IC_CaptureCallback
                0x08003990       0x64 CMakeFiles/Small_Television.elf.dir/Cpp_Core/Src/SuperVoiceWave.cpp.obj
                0x08003990                HAL_TIM_IC_CaptureCallback
 .text._ZN8TLB_OLED4InitEv
                0x080039f4        0x8 CMakeFiles/Small_Television.elf.dir/Cpp_Core/Src/TLB_OLED.cpp.obj
                0x080039f4                TLB_OLED::Init()
 .text._ZN8TLB_OLED8MainPageEv
                0x080039fc      0x110 CMakeFiles/Small_Television.elf.dir/Cpp_Core/Src/TLB_OLED.cpp.obj
                0x080039fc                TLB_OLED::MainPage()
 .text._ZN8TLB_OLED4MENUEv
                0x08003b0c       0x10 CMakeFiles/Small_Television.elf.dir/Cpp_Core/Src/TLB_OLED.cpp.obj
                0x08003b0c                TLB_OLED::MENU()
 .text._Z11my_delay_usm
                0x08003b1c       0x28 CMakeFiles/Small_Television.elf.dir/Cpp_Core/Src/usTIM.cpp.obj
                0x08003b1c                my_delay_us(unsigned long)
 .text._Z11my_delay_msm
                0x08003b44       0x10 CMakeFiles/Small_Television.elf.dir/Cpp_Core/Src/usTIM.cpp.obj
                0x08003b44                my_delay_ms(unsigned long)
 .text.Start_Hand
                0x08003b54       0x18 CMakeFiles/Small_Television.elf.dir/Cpp_Hand/Src/Cpp_Hand.cpp.obj
                0x08003b54                Start_Hand
 .text.Loop_Hand
                0x08003b6c       0x18 CMakeFiles/Small_Television.elf.dir/Cpp_Hand/Src/Cpp_Hand.cpp.obj
                0x08003b6c                Loop_Hand
 .text.HAL_InitTick
                0x08003b84       0x4c CMakeFiles/Small_Television.elf.dir/Drivers/STM32F4xx_HAL_Driver/Src/stm32f4xx_hal.c.obj
                0x08003b84                HAL_InitTick
 .text.HAL_Init
                0x08003bd0       0x34 CMakeFiles/Small_Television.elf.dir/Drivers/STM32F4xx_HAL_Driver/Src/stm32f4xx_hal.c.obj
                0x08003bd0                HAL_Init
 .text.HAL_IncTick
                0x08003c04       0x18 CMakeFiles/Small_Television.elf.dir/Drivers/STM32F4xx_HAL_Driver/Src/stm32f4xx_hal.c.obj
                0x08003c04                HAL_IncTick
 .text.HAL_GetTick
                0x08003c1c        0xc CMakeFiles/Small_Television.elf.dir/Drivers/STM32F4xx_HAL_Driver/Src/stm32f4xx_hal.c.obj
                0x08003c1c                HAL_GetTick
 .text.HAL_Delay
                0x08003c28       0x28 CMakeFiles/Small_Television.elf.dir/Drivers/STM32F4xx_HAL_Driver/Src/stm32f4xx_hal.c.obj
                0x08003c28                HAL_Delay
 .text.ADC_Init
                0x08003c50      0x134 CMakeFiles/Small_Television.elf.dir/Drivers/STM32F4xx_HAL_Driver/Src/stm32f4xx_hal_adc.c.obj
 .text.HAL_ADC_Init
                0x08003d84       0x56 CMakeFiles/Small_Television.elf.dir/Drivers/STM32F4xx_HAL_Driver/Src/stm32f4xx_hal_adc.c.obj
                0x08003d84                HAL_ADC_Init
 *fill*         0x08003dda        0x2 
 .text.HAL_ADC_Start_DMA
                0x08003ddc      0x19c CMakeFiles/Small_Television.elf.dir/Drivers/STM32F4xx_HAL_Driver/Src/stm32f4xx_hal_adc.c.obj
                0x08003ddc                HAL_ADC_Start_DMA
 .text.HAL_ADC_ConvCpltCallback
                0x08003f78        0x2 CMakeFiles/Small_Television.elf.dir/Drivers/STM32F4xx_HAL_Driver/Src/stm32f4xx_hal_adc.c.obj
                0x08003f78                HAL_ADC_ConvCpltCallback
 .text.HAL_ADC_ConvHalfCpltCallback
                0x08003f7a        0x2 CMakeFiles/Small_Television.elf.dir/Drivers/STM32F4xx_HAL_Driver/Src/stm32f4xx_hal_adc.c.obj
                0x08003f7a                HAL_ADC_ConvHalfCpltCallback
 .text.ADC_DMAHalfConvCplt
                0x08003f7c        0xa CMakeFiles/Small_Television.elf.dir/Drivers/STM32F4xx_HAL_Driver/Src/stm32f4xx_hal_adc.c.obj
 .text.HAL_ADC_ErrorCallback
                0x08003f86        0x2 CMakeFiles/Small_Television.elf.dir/Drivers/STM32F4xx_HAL_Driver/Src/stm32f4xx_hal_adc.c.obj
                0x08003f86                HAL_ADC_ErrorCallback
 .text.ADC_DMAError
                0x08003f88       0x16 CMakeFiles/Small_Television.elf.dir/Drivers/STM32F4xx_HAL_Driver/Src/stm32f4xx_hal_adc.c.obj
 .text.ADC_DMAConvCplt
                0x08003f9e       0x72 CMakeFiles/Small_Television.elf.dir/Drivers/STM32F4xx_HAL_Driver/Src/stm32f4xx_hal_adc.c.obj
 .text.HAL_ADC_ConfigChannel
                0x08004010      0x198 CMakeFiles/Small_Television.elf.dir/Drivers/STM32F4xx_HAL_Driver/Src/stm32f4xx_hal_adc.c.obj
                0x08004010                HAL_ADC_ConfigChannel
 .text.HAL_NVIC_SetPriorityGrouping
                0x080041a8       0x24 CMakeFiles/Small_Television.elf.dir/Drivers/STM32F4xx_HAL_Driver/Src/stm32f4xx_hal_cortex.c.obj
                0x080041a8                HAL_NVIC_SetPriorityGrouping
 .text.HAL_NVIC_SetPriority
                0x080041cc       0x70 CMakeFiles/Small_Television.elf.dir/Drivers/STM32F4xx_HAL_Driver/Src/stm32f4xx_hal_cortex.c.obj
                0x080041cc                HAL_NVIC_SetPriority
 .text.HAL_NVIC_EnableIRQ
                0x0800423c       0x1c CMakeFiles/Small_Television.elf.dir/Drivers/STM32F4xx_HAL_Driver/Src/stm32f4xx_hal_cortex.c.obj
                0x0800423c                HAL_NVIC_EnableIRQ
 .text.HAL_SYSTICK_Config
                0x08004258       0x28 CMakeFiles/Small_Television.elf.dir/Drivers/STM32F4xx_HAL_Driver/Src/stm32f4xx_hal_cortex.c.obj
                0x08004258                HAL_SYSTICK_Config
 .text.DMA_SetConfig
                0x08004280       0x2c CMakeFiles/Small_Television.elf.dir/Drivers/STM32F4xx_HAL_Driver/Src/stm32f4xx_hal_dma.c.obj
 .text.DMA_CalcBaseAndBitshift
                0x080042ac       0x40 CMakeFiles/Small_Television.elf.dir/Drivers/STM32F4xx_HAL_Driver/Src/stm32f4xx_hal_dma.c.obj
 .text.DMA_CheckFifoParam
                0x080042ec       0x8e CMakeFiles/Small_Television.elf.dir/Drivers/STM32F4xx_HAL_Driver/Src/stm32f4xx_hal_dma.c.obj
 *fill*         0x0800437a        0x2 
 .text.HAL_DMA_Init
                0x0800437c       0xcc CMakeFiles/Small_Television.elf.dir/Drivers/STM32F4xx_HAL_Driver/Src/stm32f4xx_hal_dma.c.obj
                0x0800437c                HAL_DMA_Init
 .text.HAL_DMA_Start_IT
                0x08004448       0x6a CMakeFiles/Small_Television.elf.dir/Drivers/STM32F4xx_HAL_Driver/Src/stm32f4xx_hal_dma.c.obj
                0x08004448                HAL_DMA_Start_IT
 *fill*         0x080044b2        0x2 
 .text.HAL_DMA_IRQHandler
                0x080044b4      0x1dc CMakeFiles/Small_Television.elf.dir/Drivers/STM32F4xx_HAL_Driver/Src/stm32f4xx_hal_dma.c.obj
                0x080044b4                HAL_DMA_IRQHandler
 .text.HAL_GPIO_Init
                0x08004690      0x1e4 CMakeFiles/Small_Television.elf.dir/Drivers/STM32F4xx_HAL_Driver/Src/stm32f4xx_hal_gpio.c.obj
                0x08004690                HAL_GPIO_Init
 .text.HAL_GPIO_ReadPin
                0x08004874        0xe CMakeFiles/Small_Television.elf.dir/Drivers/STM32F4xx_HAL_Driver/Src/stm32f4xx_hal_gpio.c.obj
                0x08004874                HAL_GPIO_ReadPin
 .text.HAL_GPIO_WritePin
                0x08004882        0xc CMakeFiles/Small_Television.elf.dir/Drivers/STM32F4xx_HAL_Driver/Src/stm32f4xx_hal_gpio.c.obj
                0x08004882                HAL_GPIO_WritePin
 *fill*         0x0800488e        0x2 
 .text.HAL_GPIO_EXTI_IRQHandler
                0x08004890       0x1c CMakeFiles/Small_Television.elf.dir/Drivers/STM32F4xx_HAL_Driver/Src/stm32f4xx_hal_gpio.c.obj
                0x08004890                HAL_GPIO_EXTI_IRQHandler
 .text.I2C_IsAcknowledgeFailed
                0x080048ac       0x32 CMakeFiles/Small_Television.elf.dir/Drivers/STM32F4xx_HAL_Driver/Src/stm32f4xx_hal_i2c.c.obj
 .text.I2C_WaitOnFlagUntilTimeout
                0x080048de       0x7c CMakeFiles/Small_Television.elf.dir/Drivers/STM32F4xx_HAL_Driver/Src/stm32f4xx_hal_i2c.c.obj
 .text.I2C_WaitOnMasterAddressFlagUntilTimeout
                0x0800495a       0xaa CMakeFiles/Small_Television.elf.dir/Drivers/STM32F4xx_HAL_Driver/Src/stm32f4xx_hal_i2c.c.obj
 .text.I2C_MasterRequestWrite
                0x08004a04       0xb4 CMakeFiles/Small_Television.elf.dir/Drivers/STM32F4xx_HAL_Driver/Src/stm32f4xx_hal_i2c.c.obj
 .text.I2C_MasterRequestRead
                0x08004ab8      0x120 CMakeFiles/Small_Television.elf.dir/Drivers/STM32F4xx_HAL_Driver/Src/stm32f4xx_hal_i2c.c.obj
 .text.I2C_WaitOnTXEFlagUntilTimeout
                0x08004bd8       0x54 CMakeFiles/Small_Television.elf.dir/Drivers/STM32F4xx_HAL_Driver/Src/stm32f4xx_hal_i2c.c.obj
 .text.I2C_WaitOnBTFFlagUntilTimeout
                0x08004c2c       0x54 CMakeFiles/Small_Television.elf.dir/Drivers/STM32F4xx_HAL_Driver/Src/stm32f4xx_hal_i2c.c.obj
 .text.I2C_WaitOnRXNEFlagUntilTimeout
                0x08004c80       0x6a CMakeFiles/Small_Television.elf.dir/Drivers/STM32F4xx_HAL_Driver/Src/stm32f4xx_hal_i2c.c.obj
 *fill*         0x08004cea        0x2 
 .text.HAL_I2C_Init
                0x08004cec      0x1bc CMakeFiles/Small_Television.elf.dir/Drivers/STM32F4xx_HAL_Driver/Src/stm32f4xx_hal_i2c.c.obj
                0x08004cec                HAL_I2C_Init
 .text.HAL_I2C_Master_Transmit
                0x08004ea8      0x178 CMakeFiles/Small_Television.elf.dir/Drivers/STM32F4xx_HAL_Driver/Src/stm32f4xx_hal_i2c.c.obj
                0x08004ea8                HAL_I2C_Master_Transmit
 .text.HAL_I2C_Master_Receive
                0x08005020      0x2e8 CMakeFiles/Small_Television.elf.dir/Drivers/STM32F4xx_HAL_Driver/Src/stm32f4xx_hal_i2c.c.obj
                0x08005020                HAL_I2C_Master_Receive
 .text.HAL_RCC_OscConfig
                0x08005308      0x3f8 CMakeFiles/Small_Television.elf.dir/Drivers/STM32F4xx_HAL_Driver/Src/stm32f4xx_hal_rcc.c.obj
                0x08005308                HAL_RCC_OscConfig
 .text.HAL_RCC_GetSysClockFreq
                0x08005700       0xa4 CMakeFiles/Small_Television.elf.dir/Drivers/STM32F4xx_HAL_Driver/Src/stm32f4xx_hal_rcc.c.obj
                0x08005700                HAL_RCC_GetSysClockFreq
 .text.HAL_RCC_ClockConfig
                0x080057a4      0x160 CMakeFiles/Small_Television.elf.dir/Drivers/STM32F4xx_HAL_Driver/Src/stm32f4xx_hal_rcc.c.obj
                0x080057a4                HAL_RCC_ClockConfig
 .text.HAL_RCC_GetHCLKFreq
                0x08005904        0xc CMakeFiles/Small_Television.elf.dir/Drivers/STM32F4xx_HAL_Driver/Src/stm32f4xx_hal_rcc.c.obj
                0x08005904                HAL_RCC_GetHCLKFreq
 .text.HAL_RCC_GetPCLK1Freq
                0x08005910       0x20 CMakeFiles/Small_Television.elf.dir/Drivers/STM32F4xx_HAL_Driver/Src/stm32f4xx_hal_rcc.c.obj
                0x08005910                HAL_RCC_GetPCLK1Freq
 .text.TIM_TI1_ConfigInputStage
                0x08005930       0x24 CMakeFiles/Small_Television.elf.dir/Drivers/STM32F4xx_HAL_Driver/Src/stm32f4xx_hal_tim.c.obj
 .text.TIM_TI2_SetConfig
                0x08005954       0x36 CMakeFiles/Small_Television.elf.dir/Drivers/STM32F4xx_HAL_Driver/Src/stm32f4xx_hal_tim.c.obj
 .text.TIM_TI2_ConfigInputStage
                0x0800598a       0x26 CMakeFiles/Small_Television.elf.dir/Drivers/STM32F4xx_HAL_Driver/Src/stm32f4xx_hal_tim.c.obj
 .text.TIM_TI3_SetConfig
                0x080059b0       0x36 CMakeFiles/Small_Television.elf.dir/Drivers/STM32F4xx_HAL_Driver/Src/stm32f4xx_hal_tim.c.obj
 .text.TIM_TI4_SetConfig
                0x080059e6       0x36 CMakeFiles/Small_Television.elf.dir/Drivers/STM32F4xx_HAL_Driver/Src/stm32f4xx_hal_tim.c.obj
 .text.TIM_ITRx_SetConfig
                0x08005a1c       0x10 CMakeFiles/Small_Television.elf.dir/Drivers/STM32F4xx_HAL_Driver/Src/stm32f4xx_hal_tim.c.obj
 .text.HAL_TIM_Base_Start
                0x08005a2c       0x7c CMakeFiles/Small_Television.elf.dir/Drivers/STM32F4xx_HAL_Driver/Src/stm32f4xx_hal_tim.c.obj
                0x08005a2c                HAL_TIM_Base_Start
 .text.HAL_TIM_Base_Stop
                0x08005aa8       0x28 CMakeFiles/Small_Television.elf.dir/Drivers/STM32F4xx_HAL_Driver/Src/stm32f4xx_hal_tim.c.obj
                0x08005aa8                HAL_TIM_Base_Stop
 .text.HAL_TIM_Base_Start_IT
                0x08005ad0       0x88 CMakeFiles/Small_Television.elf.dir/Drivers/STM32F4xx_HAL_Driver/Src/stm32f4xx_hal_tim.c.obj
                0x08005ad0                HAL_TIM_Base_Start_IT
 .text.HAL_TIM_Base_Stop_IT
                0x08005b58       0x32 CMakeFiles/Small_Television.elf.dir/Drivers/STM32F4xx_HAL_Driver/Src/stm32f4xx_hal_tim.c.obj
                0x08005b58                HAL_TIM_Base_Stop_IT
 .text.HAL_TIM_IC_MspInit
                0x08005b8a        0x2 CMakeFiles/Small_Television.elf.dir/Drivers/STM32F4xx_HAL_Driver/Src/stm32f4xx_hal_tim.c.obj
                0x08005b8a                HAL_TIM_IC_MspInit
 .text.HAL_TIM_ReadCapturedValue
                0x08005b8c       0x32 CMakeFiles/Small_Television.elf.dir/Drivers/STM32F4xx_HAL_Driver/Src/stm32f4xx_hal_tim.c.obj
                0x08005b8c                HAL_TIM_ReadCapturedValue
 .text.HAL_TIM_OC_DelayElapsedCallback
                0x08005bbe        0x2 CMakeFiles/Small_Television.elf.dir/Drivers/STM32F4xx_HAL_Driver/Src/stm32f4xx_hal_tim.c.obj
                0x08005bbe                HAL_TIM_OC_DelayElapsedCallback
 .text.HAL_TIM_PWM_PulseFinishedCallback
                0x08005bc0        0x2 CMakeFiles/Small_Television.elf.dir/Drivers/STM32F4xx_HAL_Driver/Src/stm32f4xx_hal_tim.c.obj
                0x08005bc0                HAL_TIM_PWM_PulseFinishedCallback
 .text.HAL_TIM_TriggerCallback
                0x08005bc2        0x2 CMakeFiles/Small_Television.elf.dir/Drivers/STM32F4xx_HAL_Driver/Src/stm32f4xx_hal_tim.c.obj
                0x08005bc2                HAL_TIM_TriggerCallback
 .text.HAL_TIM_IRQHandler
                0x08005bc4      0x17a CMakeFiles/Small_Television.elf.dir/Drivers/STM32F4xx_HAL_Driver/Src/stm32f4xx_hal_tim.c.obj
                0x08005bc4                HAL_TIM_IRQHandler
 *fill*         0x08005d3e        0x2 
 .text.TIM_Base_SetConfig
                0x08005d40       0xc8 CMakeFiles/Small_Television.elf.dir/Drivers/STM32F4xx_HAL_Driver/Src/stm32f4xx_hal_tim.c.obj
                0x08005d40                TIM_Base_SetConfig
 .text.HAL_TIM_Base_Init
                0x08005e08       0x58 CMakeFiles/Small_Television.elf.dir/Drivers/STM32F4xx_HAL_Driver/Src/stm32f4xx_hal_tim.c.obj
                0x08005e08                HAL_TIM_Base_Init
 .text.HAL_TIM_IC_Init
                0x08005e60       0x58 CMakeFiles/Small_Television.elf.dir/Drivers/STM32F4xx_HAL_Driver/Src/stm32f4xx_hal_tim.c.obj
                0x08005e60                HAL_TIM_IC_Init
 .text.HAL_TIM_Encoder_Init
                0x08005eb8       0xb8 CMakeFiles/Small_Television.elf.dir/Drivers/STM32F4xx_HAL_Driver/Src/stm32f4xx_hal_tim.c.obj
                0x08005eb8                HAL_TIM_Encoder_Init
 .text.TIM_TI1_SetConfig
                0x08005f70       0x7c CMakeFiles/Small_Television.elf.dir/Drivers/STM32F4xx_HAL_Driver/Src/stm32f4xx_hal_tim.c.obj
                0x08005f70                TIM_TI1_SetConfig
 .text.HAL_TIM_IC_ConfigChannel
                0x08005fec       0xc4 CMakeFiles/Small_Television.elf.dir/Drivers/STM32F4xx_HAL_Driver/Src/stm32f4xx_hal_tim.c.obj
                0x08005fec                HAL_TIM_IC_ConfigChannel
 .text.TIM_ETR_SetConfig
                0x080060b0       0x18 CMakeFiles/Small_Television.elf.dir/Drivers/STM32F4xx_HAL_Driver/Src/stm32f4xx_hal_tim.c.obj
                0x080060b0                TIM_ETR_SetConfig
 .text.HAL_TIM_ConfigClockSource
                0x080060c8       0xfe CMakeFiles/Small_Television.elf.dir/Drivers/STM32F4xx_HAL_Driver/Src/stm32f4xx_hal_tim.c.obj
                0x080060c8                HAL_TIM_ConfigClockSource
 .text.TIM_CCxChannelCmd
                0x080061c6       0x1e CMakeFiles/Small_Television.elf.dir/Drivers/STM32F4xx_HAL_Driver/Src/stm32f4xx_hal_tim.c.obj
                0x080061c6                TIM_CCxChannelCmd
 .text.HAL_TIM_IC_Start
                0x080061e4      0x130 CMakeFiles/Small_Television.elf.dir/Drivers/STM32F4xx_HAL_Driver/Src/stm32f4xx_hal_tim.c.obj
                0x080061e4                HAL_TIM_IC_Start
 .text.HAL_TIM_IC_Start_IT
                0x08006314      0x174 CMakeFiles/Small_Television.elf.dir/Drivers/STM32F4xx_HAL_Driver/Src/stm32f4xx_hal_tim.c.obj
                0x08006314                HAL_TIM_IC_Start_IT
 .text.HAL_TIM_Encoder_Start
                0x08006488       0xcc CMakeFiles/Small_Television.elf.dir/Drivers/STM32F4xx_HAL_Driver/Src/stm32f4xx_hal_tim.c.obj
                0x08006488                HAL_TIM_Encoder_Start
 .text.HAL_TIMEx_MasterConfigSynchronization
                0x08006554       0x8c CMakeFiles/Small_Television.elf.dir/Drivers/STM32F4xx_HAL_Driver/Src/stm32f4xx_hal_tim_ex.c.obj
                0x08006554                HAL_TIMEx_MasterConfigSynchronization
 .text.HAL_TIMEx_CommutCallback
                0x080065e0        0x2 CMakeFiles/Small_Television.elf.dir/Drivers/STM32F4xx_HAL_Driver/Src/stm32f4xx_hal_tim_ex.c.obj
                0x080065e0                HAL_TIMEx_CommutCallback
 .text.HAL_TIMEx_BreakCallback
                0x080065e2        0x2 CMakeFiles/Small_Television.elf.dir/Drivers/STM32F4xx_HAL_Driver/Src/stm32f4xx_hal_tim_ex.c.obj
                0x080065e2                HAL_TIMEx_BreakCallback
 .text.menu_command_callback
                0x080065e4       0xb2 CMakeFiles/Small_Television.elf.dir/MENU/Src/MENU.c.obj
                0x080065e4                menu_command_callback
 .text.MENU_UpdateIndex
                0x08006696       0x5a CMakeFiles/Small_Television.elf.dir/MENU/Src/MENU.c.obj
                0x08006696                MENU_UpdateIndex
 .text.MENU_Event_and_Action
                0x080066f0       0x52 CMakeFiles/Small_Television.elf.dir/MENU/Src/MENU.c.obj
                0x080066f0                MENU_Event_and_Action
 .text.MENU_ShowOption
                0x08006742       0xc4 CMakeFiles/Small_Television.elf.dir/MENU/Src/MENU.c.obj
                0x08006742                MENU_ShowOption
 .text.MENU_HandleInit
                0x08006806       0x46 CMakeFiles/Small_Television.elf.dir/MENU/Src/MENU.c.obj
                0x08006806                MENU_HandleInit
 *fill*         0x0800684c        0x4 
 .text.MENU_ShowOptionList
                0x08006850      0x12c CMakeFiles/Small_Television.elf.dir/MENU/Src/MENU.c.obj
                0x08006850                MENU_ShowOptionList
 *fill*         0x0800697c        0x4 
 .text.MENU_ShowCursor
                0x08006980      0x648 CMakeFiles/Small_Television.elf.dir/MENU/Src/MENU.c.obj
                0x08006980                MENU_ShowCursor
 .text.MENU_ShowBorder
                0x08006fc8       0x2c CMakeFiles/Small_Television.elf.dir/MENU/Src/MENU.c.obj
                0x08006fc8                MENU_ShowBorder
 .text.MENU_RunMenu
                0x08006ff4       0x46 CMakeFiles/Small_Television.elf.dir/MENU/Src/MENU.c.obj
                0x08006ff4                MENU_RunMenu
 *fill*         0x0800703a        0x2 
 .text.OLED_W_SCL
                0x0800703c       0x14 CMakeFiles/Small_Television.elf.dir/OLED/Src/OLED.c.obj
                0x0800703c                OLED_W_SCL
 .text.OLED_W_SDA
                0x08007050       0x14 CMakeFiles/Small_Television.elf.dir/OLED/Src/OLED.c.obj
                0x08007050                OLED_W_SDA
 .text.OLED_GPIO_Init
                0x08007064       0x70 CMakeFiles/Small_Television.elf.dir/OLED/Src/OLED.c.obj
                0x08007064                OLED_GPIO_Init
 .text.OLED_I2C_Start
                0x080070d4       0x1c CMakeFiles/Small_Television.elf.dir/OLED/Src/OLED.c.obj
                0x080070d4                OLED_I2C_Start
 .text.OLED_I2C_Stop
                0x080070f0       0x16 CMakeFiles/Small_Television.elf.dir/OLED/Src/OLED.c.obj
                0x080070f0                OLED_I2C_Stop
 .text.OLED_I2C_SendByte
                0x08007106       0x3a CMakeFiles/Small_Television.elf.dir/OLED/Src/OLED.c.obj
                0x08007106                OLED_I2C_SendByte
 .text.OLED_WriteCommand
                0x08007140       0x20 CMakeFiles/Small_Television.elf.dir/OLED/Src/OLED.c.obj
                0x08007140                OLED_WriteCommand
 .text.OLED_WriteData
                0x08007160       0x2e CMakeFiles/Small_Television.elf.dir/OLED/Src/OLED.c.obj
                0x08007160                OLED_WriteData
 .text.OLED_Init
                0x0800718e       0x92 CMakeFiles/Small_Television.elf.dir/OLED/Src/OLED.c.obj
                0x0800718e                OLED_Init
 .text.OLED_SetCursor
                0x08007220       0x22 CMakeFiles/Small_Television.elf.dir/OLED/Src/OLED.c.obj
                0x08007220                OLED_SetCursor
 *fill*         0x08007242        0x2 
 .text.OLED_Update
                0x08007244       0x28 CMakeFiles/Small_Television.elf.dir/OLED/Src/OLED.c.obj
                0x08007244                OLED_Update
 .text.OLED_Clear
                0x0800726c       0x2c CMakeFiles/Small_Television.elf.dir/OLED/Src/OLED.c.obj
                0x0800726c                OLED_Clear
 .text.OLED_ClearArea
                0x08007298       0x70 CMakeFiles/Small_Television.elf.dir/OLED/Src/OLED.c.obj
                0x08007298                OLED_ClearArea
 .text.OLED_ReverseArea
                0x08007308       0x70 CMakeFiles/Small_Television.elf.dir/OLED/Src/OLED.c.obj
                0x08007308                OLED_ReverseArea
 .text.OLED_ShowImage
                0x08007378       0xac CMakeFiles/Small_Television.elf.dir/OLED/Src/OLED.c.obj
                0x08007378                OLED_ShowImage
 .text.OLED_ShowChar
                0x08007424       0x48 CMakeFiles/Small_Television.elf.dir/OLED/Src/OLED.c.obj
                0x08007424                OLED_ShowChar
 .text.OLED_ShowString
                0x0800746c       0x30 CMakeFiles/Small_Television.elf.dir/OLED/Src/OLED.c.obj
                0x0800746c                OLED_ShowString
 .text.OLED_ShowChinese
                0x0800749c       0x90 CMakeFiles/Small_Television.elf.dir/OLED/Src/OLED.c.obj
                0x0800749c                OLED_ShowChinese
 .text.OLED_Printf
                0x0800752c       0x30 CMakeFiles/Small_Television.elf.dir/OLED/Src/OLED.c.obj
                0x0800752c                OLED_Printf
 .text.OLED_DrawPoint
                0x0800755c       0x28 CMakeFiles/Small_Television.elf.dir/OLED/Src/OLED.c.obj
                0x0800755c                OLED_DrawPoint
 .text.OLED_DrawRectangle
                0x08007584       0x8a CMakeFiles/Small_Television.elf.dir/OLED/Src/OLED.c.obj
                0x08007584                OLED_DrawRectangle
 *fill*         0x0800760e        0x2 
 .text.Reset_Handler
                0x08007610       0x50 CMakeFiles/Small_Television.elf.dir/startup/startup_stm32f407xx.s.obj
                0x08007610                Reset_Handler
 .text.Default_Handler
                0x08007660        0x2 CMakeFiles/Small_Television.elf.dir/startup/startup_stm32f407xx.s.obj
                0x08007660                RTC_Alarm_IRQHandler
                0x08007660                HASH_RNG_IRQHandler
                0x08007660                TIM1_CC_IRQHandler
                0x08007660                DMA2_Stream5_IRQHandler
                0x08007660                DMA1_Stream5_IRQHandler
                0x08007660                PVD_IRQHandler
                0x08007660                SDIO_IRQHandler
                0x08007660                TAMP_STAMP_IRQHandler
                0x08007660                CAN2_RX1_IRQHandler
                0x08007660                TIM8_TRG_COM_TIM14_IRQHandler
                0x08007660                TIM1_UP_TIM10_IRQHandler
                0x08007660                TIM8_UP_TIM13_IRQHandler
                0x08007660                I2C3_ER_IRQHandler
                0x08007660                EXTI0_IRQHandler
                0x08007660                I2C2_EV_IRQHandler
                0x08007660                DMA1_Stream2_IRQHandler
                0x08007660                CAN1_RX0_IRQHandler
                0x08007660                FPU_IRQHandler
                0x08007660                OTG_HS_WKUP_IRQHandler
                0x08007660                CAN2_SCE_IRQHandler
                0x08007660                SPI1_IRQHandler
                0x08007660                TIM6_DAC_IRQHandler
                0x08007660                TIM1_BRK_TIM9_IRQHandler
                0x08007660                DCMI_IRQHandler
                0x08007660                CAN2_RX0_IRQHandler
                0x08007660                DMA2_Stream3_IRQHandler
                0x08007660                USART6_IRQHandler
                0x08007660                USART3_IRQHandler
                0x08007660                CAN1_RX1_IRQHandler
                0x08007660                UART5_IRQHandler
                0x08007660                TIM4_IRQHandler
                0x08007660                I2C1_EV_IRQHandler
                0x08007660                DMA1_Stream6_IRQHandler
                0x08007660                DMA1_Stream1_IRQHandler
                0x08007660                UART4_IRQHandler
                0x08007660                TIM3_IRQHandler
                0x08007660                RCC_IRQHandler
                0x08007660                TIM8_BRK_TIM12_IRQHandler
                0x08007660                Default_Handler
                0x08007660                EXTI15_10_IRQHandler
                0x08007660                ADC_IRQHandler
                0x08007660                DMA1_Stream7_IRQHandler
                0x08007660                TIM7_IRQHandler
                0x08007660                CAN2_TX_IRQHandler
                0x08007660                TIM5_IRQHandler
                0x08007660                DMA2_Stream7_IRQHandler
                0x08007660                I2C3_EV_IRQHandler
                0x08007660                EXTI9_5_IRQHandler
                0x08007660                RTC_WKUP_IRQHandler
                0x08007660                ETH_WKUP_IRQHandler
                0x08007660                SPI2_IRQHandler
                0x08007660                OTG_HS_EP1_IN_IRQHandler
                0x08007660                DMA1_Stream0_IRQHandler
                0x08007660                CAN1_TX_IRQHandler
                0x08007660                EXTI4_IRQHandler
                0x08007660                FSMC_IRQHandler
                0x08007660                ETH_IRQHandler
                0x08007660                OTG_HS_EP1_OUT_IRQHandler
                0x08007660                WWDG_IRQHandler
                0x08007660                OTG_FS_WKUP_IRQHandler
                0x08007660                TIM1_TRG_COM_TIM11_IRQHandler
                0x08007660                OTG_HS_IRQHandler
                0x08007660                EXTI1_IRQHandler
                0x08007660                USART2_IRQHandler
                0x08007660                I2C2_ER_IRQHandler
                0x08007660                DMA2_Stream1_IRQHandler
                0x08007660                CAN1_SCE_IRQHandler
                0x08007660                FLASH_IRQHandler
                0x08007660                DMA2_Stream4_IRQHandler
                0x08007660                USART1_IRQHandler
                0x08007660                OTG_FS_IRQHandler
                0x08007660                SPI3_IRQHandler
                0x08007660                DMA1_Stream4_IRQHandler
                0x08007660                I2C1_ER_IRQHandler
                0x08007660                DMA2_Stream6_IRQHandler
                0x08007660                DMA1_Stream3_IRQHandler
 *fill*         0x08007662        0x2 
 .text.abort    0x08007664       0x10 d:/gcc-arm-none-eabi-10.3-2021.10/bin/../lib/gcc/arm-none-eabi/10.3.1/../../../../arm-none-eabi/lib/thumb/v7e-m/nofp\libg.a(lib_a-abort.o)
                0x08007664                abort
 .text.__errno  0x08007674        0xc d:/gcc-arm-none-eabi-10.3-2021.10/bin/../lib/gcc/arm-none-eabi/10.3.1/../../../../arm-none-eabi/lib/thumb/v7e-m/nofp\libg.a(lib_a-errno.o)
                0x08007674                __errno
 .text.__libc_init_array
                0x08007680       0x48 d:/gcc-arm-none-eabi-10.3-2021.10/bin/../lib/gcc/arm-none-eabi/10.3.1/../../../../arm-none-eabi/lib/thumb/v7e-m/nofp\libg.a(lib_a-init.o)
                0x08007680                __libc_init_array
 .text.memset   0x080076c8       0xa4 d:/gcc-arm-none-eabi-10.3-2021.10/bin/../lib/gcc/arm-none-eabi/10.3.1/../../../../arm-none-eabi/lib/thumb/v7e-m/nofp\libg.a(lib_a-memset.o)
                0x080076c8                memset
 .text.raise    0x0800776c       0x5c d:/gcc-arm-none-eabi-10.3-2021.10/bin/../lib/gcc/arm-none-eabi/10.3.1/../../../../arm-none-eabi/lib/thumb/v7e-m/nofp\libg.a(lib_a-signal.o)
                0x0800776c                raise
 .text._kill_r  0x080077c8       0x2c d:/gcc-arm-none-eabi-10.3-2021.10/bin/../lib/gcc/arm-none-eabi/10.3.1/../../../../arm-none-eabi/lib/thumb/v7e-m/nofp\libg.a(lib_a-signalr.o)
                0x080077c8                _kill_r
 .text._getpid_r
                0x080077f4        0x4 d:/gcc-arm-none-eabi-10.3-2021.10/bin/../lib/gcc/arm-none-eabi/10.3.1/../../../../arm-none-eabi/lib/thumb/v7e-m/nofp\libg.a(lib_a-signalr.o)
                0x080077f4                _getpid_r
 .text.sprintf  0x080077f8       0x40 d:/gcc-arm-none-eabi-10.3-2021.10/bin/../lib/gcc/arm-none-eabi/10.3.1/../../../../arm-none-eabi/lib/thumb/v7e-m/nofp\libg.a(lib_a-sprintf.o)
                0x080077f8                sprintf
 .text._svfprintf_r
                0x08007838     0x1a3c d:/gcc-arm-none-eabi-10.3-2021.10/bin/../lib/gcc/arm-none-eabi/10.3.1/../../../../arm-none-eabi/lib/thumb/v7e-m/nofp\libg.a(lib_a-svfprintf.o)
                0x08007838                _svfprintf_r
 .text.vsprintf
                0x08009274       0x38 d:/gcc-arm-none-eabi-10.3-2021.10/bin/../lib/gcc/arm-none-eabi/10.3.1/../../../../arm-none-eabi/lib/thumb/v7e-m/nofp\libg.a(lib_a-vsprintf.o)
                0x08009274                vsprintf
 .text.startup.register_fini
                0x080092ac       0x14 d:/gcc-arm-none-eabi-10.3-2021.10/bin/../lib/gcc/arm-none-eabi/10.3.1/../../../../arm-none-eabi/lib/thumb/v7e-m/nofp\libg.a(lib_a-__call_atexit.o)
 .text.atexit   0x080092c0        0xc d:/gcc-arm-none-eabi-10.3-2021.10/bin/../lib/gcc/arm-none-eabi/10.3.1/../../../../arm-none-eabi/lib/thumb/v7e-m/nofp\libg.a(lib_a-atexit.o)
                0x080092c0                atexit
 .text.quorem   0x080092cc      0x124 d:/gcc-arm-none-eabi-10.3-2021.10/bin/../lib/gcc/arm-none-eabi/10.3.1/../../../../arm-none-eabi/lib/thumb/v7e-m/nofp\libg.a(lib_a-dtoa.o)
 .text._dtoa_r  0x080093f0      0xec4 d:/gcc-arm-none-eabi-10.3-2021.10/bin/../lib/gcc/arm-none-eabi/10.3.1/../../../../arm-none-eabi/lib/thumb/v7e-m/nofp\libg.a(lib_a-dtoa.o)
                0x080093f0                _dtoa_r
 .text.__libc_fini_array
                0x0800a2b4       0x2c d:/gcc-arm-none-eabi-10.3-2021.10/bin/../lib/gcc/arm-none-eabi/10.3.1/../../../../arm-none-eabi/lib/thumb/v7e-m/nofp\libg.a(lib_a-fini.o)
                0x0800a2b4                __libc_fini_array
 .text._malloc_trim_r
                0x0800a2e0       0xa0 d:/gcc-arm-none-eabi-10.3-2021.10/bin/../lib/gcc/arm-none-eabi/10.3.1/../../../../arm-none-eabi/lib/thumb/v7e-m/nofp\libg.a(lib_a-freer.o)
                0x0800a2e0                _malloc_trim_r
 .text._free_r  0x0800a380      0x20c d:/gcc-arm-none-eabi-10.3-2021.10/bin/../lib/gcc/arm-none-eabi/10.3.1/../../../../arm-none-eabi/lib/thumb/v7e-m/nofp\libg.a(lib_a-freer.o)
                0x0800a380                _free_r
 .text._localeconv_r
                0x0800a58c        0x8 d:/gcc-arm-none-eabi-10.3-2021.10/bin/../lib/gcc/arm-none-eabi/10.3.1/../../../../arm-none-eabi/lib/thumb/v7e-m/nofp\libg.a(lib_a-localeconv.o)
                0x0800a58c                _localeconv_r
 .text.__retarget_lock_init_recursive
                0x0800a594        0x4 d:/gcc-arm-none-eabi-10.3-2021.10/bin/../lib/gcc/arm-none-eabi/10.3.1/../../../../arm-none-eabi/lib/thumb/v7e-m/nofp\libg.a(lib_a-lock.o)
                0x0800a594                __retarget_lock_init_recursive
 .text.__retarget_lock_close_recursive
                0x0800a598        0x4 d:/gcc-arm-none-eabi-10.3-2021.10/bin/../lib/gcc/arm-none-eabi/10.3.1/../../../../arm-none-eabi/lib/thumb/v7e-m/nofp\libg.a(lib_a-lock.o)
                0x0800a598                __retarget_lock_close_recursive
 .text.__retarget_lock_acquire_recursive
                0x0800a59c        0x4 d:/gcc-arm-none-eabi-10.3-2021.10/bin/../lib/gcc/arm-none-eabi/10.3.1/../../../../arm-none-eabi/lib/thumb/v7e-m/nofp\libg.a(lib_a-lock.o)
                0x0800a59c                __retarget_lock_acquire_recursive
 .text.__retarget_lock_release_recursive
                0x0800a5a0        0x4 d:/gcc-arm-none-eabi-10.3-2021.10/bin/../lib/gcc/arm-none-eabi/10.3.1/../../../../arm-none-eabi/lib/thumb/v7e-m/nofp\libg.a(lib_a-lock.o)
                0x0800a5a0                __retarget_lock_release_recursive
 .text._malloc_r
                0x0800a5a4      0x560 d:/gcc-arm-none-eabi-10.3-2021.10/bin/../lib/gcc/arm-none-eabi/10.3.1/../../../../arm-none-eabi/lib/thumb/v7e-m/nofp\libg.a(lib_a-mallocr.o)
                0x0800a5a4                _malloc_r
 .text.__malloc_lock
                0x0800ab04        0xc d:/gcc-arm-none-eabi-10.3-2021.10/bin/../lib/gcc/arm-none-eabi/10.3.1/../../../../arm-none-eabi/lib/thumb/v7e-m/nofp\libg.a(lib_a-mlock.o)
                0x0800ab04                __malloc_lock
 .text.__malloc_unlock
                0x0800ab10        0xc d:/gcc-arm-none-eabi-10.3-2021.10/bin/../lib/gcc/arm-none-eabi/10.3.1/../../../../arm-none-eabi/lib/thumb/v7e-m/nofp\libg.a(lib_a-mlock.o)
                0x0800ab10                __malloc_unlock
 .text._Balloc  0x0800ab1c       0x4c d:/gcc-arm-none-eabi-10.3-2021.10/bin/../lib/gcc/arm-none-eabi/10.3.1/../../../../arm-none-eabi/lib/thumb/v7e-m/nofp\libg.a(lib_a-mprec.o)
                0x0800ab1c                _Balloc
 .text._Bfree   0x0800ab68       0x14 d:/gcc-arm-none-eabi-10.3-2021.10/bin/../lib/gcc/arm-none-eabi/10.3.1/../../../../arm-none-eabi/lib/thumb/v7e-m/nofp\libg.a(lib_a-mprec.o)
                0x0800ab68                _Bfree
 .text.__multadd
                0x0800ab7c       0xa0 d:/gcc-arm-none-eabi-10.3-2021.10/bin/../lib/gcc/arm-none-eabi/10.3.1/../../../../arm-none-eabi/lib/thumb/v7e-m/nofp\libg.a(lib_a-mprec.o)
                0x0800ab7c                __multadd
 .text.__hi0bits
                0x0800ac1c       0x40 d:/gcc-arm-none-eabi-10.3-2021.10/bin/../lib/gcc/arm-none-eabi/10.3.1/../../../../arm-none-eabi/lib/thumb/v7e-m/nofp\libg.a(lib_a-mprec.o)
                0x0800ac1c                __hi0bits
 .text.__lo0bits
                0x0800ac5c       0x5c d:/gcc-arm-none-eabi-10.3-2021.10/bin/../lib/gcc/arm-none-eabi/10.3.1/../../../../arm-none-eabi/lib/thumb/v7e-m/nofp\libg.a(lib_a-mprec.o)
                0x0800ac5c                __lo0bits
 .text.__i2b    0x0800acb8       0x5c d:/gcc-arm-none-eabi-10.3-2021.10/bin/../lib/gcc/arm-none-eabi/10.3.1/../../../../arm-none-eabi/lib/thumb/v7e-m/nofp\libg.a(lib_a-mprec.o)
                0x0800acb8                __i2b
 .text.__multiply
                0x0800ad14      0x15c d:/gcc-arm-none-eabi-10.3-2021.10/bin/../lib/gcc/arm-none-eabi/10.3.1/../../../../arm-none-eabi/lib/thumb/v7e-m/nofp\libg.a(lib_a-mprec.o)
                0x0800ad14                __multiply
 .text.__pow5mult
                0x0800ae70       0xc0 d:/gcc-arm-none-eabi-10.3-2021.10/bin/../lib/gcc/arm-none-eabi/10.3.1/../../../../arm-none-eabi/lib/thumb/v7e-m/nofp\libg.a(lib_a-mprec.o)
                0x0800ae70                __pow5mult
 .text.__lshift
                0x0800af30       0xf0 d:/gcc-arm-none-eabi-10.3-2021.10/bin/../lib/gcc/arm-none-eabi/10.3.1/../../../../arm-none-eabi/lib/thumb/v7e-m/nofp\libg.a(lib_a-mprec.o)
                0x0800af30                __lshift
 .text.__mcmp   0x0800b020       0x40 d:/gcc-arm-none-eabi-10.3-2021.10/bin/../lib/gcc/arm-none-eabi/10.3.1/../../../../arm-none-eabi/lib/thumb/v7e-m/nofp\libg.a(lib_a-mprec.o)
                0x0800b020                __mcmp
 .text.__mdiff  0x0800b060      0x14c d:/gcc-arm-none-eabi-10.3-2021.10/bin/../lib/gcc/arm-none-eabi/10.3.1/../../../../arm-none-eabi/lib/thumb/v7e-m/nofp\libg.a(lib_a-mprec.o)
                0x0800b060                __mdiff
 .text.__d2b    0x0800b1ac       0xc4 d:/gcc-arm-none-eabi-10.3-2021.10/bin/../lib/gcc/arm-none-eabi/10.3.1/../../../../arm-none-eabi/lib/thumb/v7e-m/nofp\libg.a(lib_a-mprec.o)
                0x0800b1ac                __d2b
 .text.frexp    0x0800b270       0x70 d:/gcc-arm-none-eabi-10.3-2021.10/bin/../lib/gcc/arm-none-eabi/10.3.1/../../../../arm-none-eabi/lib/thumb/v7e-m/nofp\libg.a(lib_a-s_frexp.o)
                0x0800b270                frexp
 .text._sbrk_r  0x0800b2e0       0x24 d:/gcc-arm-none-eabi-10.3-2021.10/bin/../lib/gcc/arm-none-eabi/10.3.1/../../../../arm-none-eabi/lib/thumb/v7e-m/nofp\libg.a(lib_a-sbrkr.o)
                0x0800b2e0                _sbrk_r
 .text.strncpy  0x0800b304       0x64 d:/gcc-arm-none-eabi-10.3-2021.10/bin/../lib/gcc/arm-none-eabi/10.3.1/../../../../arm-none-eabi/lib/thumb/v7e-m/nofp\libg.a(lib_a-strncpy.o)
                0x0800b304                strncpy
 .text.__ssprint_r
                0x0800b368       0xf8 d:/gcc-arm-none-eabi-10.3-2021.10/bin/../lib/gcc/arm-none-eabi/10.3.1/../../../../arm-none-eabi/lib/thumb/v7e-m/nofp\libg.a(lib_a-svfiprintf.o)
                0x0800b368                __ssprint_r
 .text.__register_exitproc
                0x0800b460       0x8c d:/gcc-arm-none-eabi-10.3-2021.10/bin/../lib/gcc/arm-none-eabi/10.3.1/../../../../arm-none-eabi/lib/thumb/v7e-m/nofp\libg.a(lib_a-__atexit.o)
                0x0800b460                __register_exitproc
 .text.__assert_func
                0x0800b4ec       0x40 d:/gcc-arm-none-eabi-10.3-2021.10/bin/../lib/gcc/arm-none-eabi/10.3.1/../../../../arm-none-eabi/lib/thumb/v7e-m/nofp\libg.a(lib_a-assert.o)
                0x0800b4ec                __assert_func
 .text._calloc_r
                0x0800b52c       0x78 d:/gcc-arm-none-eabi-10.3-2021.10/bin/../lib/gcc/arm-none-eabi/10.3.1/../../../../arm-none-eabi/lib/thumb/v7e-m/nofp\libg.a(lib_a-callocr.o)
                0x0800b52c                _calloc_r
 .text.fiprintf
                0x0800b5a4       0x28 d:/gcc-arm-none-eabi-10.3-2021.10/bin/../lib/gcc/arm-none-eabi/10.3.1/../../../../arm-none-eabi/lib/thumb/v7e-m/nofp\libg.a(lib_a-fiprintf.o)
                0x0800b5a4                fiprintf
 .text.__locale_mb_cur_max
                0x0800b5cc        0xc d:/gcc-arm-none-eabi-10.3-2021.10/bin/../lib/gcc/arm-none-eabi/10.3.1/../../../../arm-none-eabi/lib/thumb/v7e-m/nofp\libg.a(lib_a-locale.o)
                0x0800b5cc                __locale_mb_cur_max
 .text.__ascii_mbtowc
                0x0800b5d8       0x2c d:/gcc-arm-none-eabi-10.3-2021.10/bin/../lib/gcc/arm-none-eabi/10.3.1/../../../../arm-none-eabi/lib/thumb/v7e-m/nofp\libg.a(lib_a-mbtowc_r.o)
                0x0800b5d8                __ascii_mbtowc
 .text.memmove  0x0800b604       0xf8 d:/gcc-arm-none-eabi-10.3-2021.10/bin/../lib/gcc/arm-none-eabi/10.3.1/../../../../arm-none-eabi/lib/thumb/v7e-m/nofp\libg.a(lib_a-memmove.o)
                0x0800b604                memmove
 .text._realloc_r
                0x0800b6fc      0x3d8 d:/gcc-arm-none-eabi-10.3-2021.10/bin/../lib/gcc/arm-none-eabi/10.3.1/../../../../arm-none-eabi/lib/thumb/v7e-m/nofp\libg.a(lib_a-reallocr.o)
                0x0800b6fc                _realloc_r
 .text.__sprint_r.part.0
                0x0800bad4       0x78 d:/gcc-arm-none-eabi-10.3-2021.10/bin/../lib/gcc/arm-none-eabi/10.3.1/../../../../arm-none-eabi/lib/thumb/v7e-m/nofp\libg.a(lib_a-vfiprintf.o)
 .text._vfiprintf_r
                0x0800bb4c      0xda0 d:/gcc-arm-none-eabi-10.3-2021.10/bin/../lib/gcc/arm-none-eabi/10.3.1/../../../../arm-none-eabi/lib/thumb/v7e-m/nofp\libg.a(lib_a-vfiprintf.o)
                0x0800bb4c                _vfiprintf_r
 .text.__sbprintf
                0x0800c8ec       0x80 d:/gcc-arm-none-eabi-10.3-2021.10/bin/../lib/gcc/arm-none-eabi/10.3.1/../../../../arm-none-eabi/lib/thumb/v7e-m/nofp\libg.a(lib_a-vfiprintf.o)
 .text.__ascii_wctomb
                0x0800c96c       0x1c d:/gcc-arm-none-eabi-10.3-2021.10/bin/../lib/gcc/arm-none-eabi/10.3.1/../../../../arm-none-eabi/lib/thumb/v7e-m/nofp\libg.a(lib_a-wctomb_r.o)
                0x0800c96c                __ascii_wctomb
 .text.__swsetup_r
                0x0800c988       0xd4 d:/gcc-arm-none-eabi-10.3-2021.10/bin/../lib/gcc/arm-none-eabi/10.3.1/../../../../arm-none-eabi/lib/thumb/v7e-m/nofp\libg.a(lib_a-wsetup.o)
                0x0800c988                __swsetup_r
 .text.__sflush_r
                0x0800ca5c      0x120 d:/gcc-arm-none-eabi-10.3-2021.10/bin/../lib/gcc/arm-none-eabi/10.3.1/../../../../arm-none-eabi/lib/thumb/v7e-m/nofp\libg.a(lib_a-fflush.o)
                0x0800ca5c                __sflush_r
 .text._fflush_r
                0x0800cb7c       0x5c d:/gcc-arm-none-eabi-10.3-2021.10/bin/../lib/gcc/arm-none-eabi/10.3.1/../../../../arm-none-eabi/lib/thumb/v7e-m/nofp\libg.a(lib_a-fflush.o)
                0x0800cb7c                _fflush_r
 .text._cleanup_r
                0x0800cbd8        0xc d:/gcc-arm-none-eabi-10.3-2021.10/bin/../lib/gcc/arm-none-eabi/10.3.1/../../../../arm-none-eabi/lib/thumb/v7e-m/nofp\libg.a(lib_a-findfp.o)
                0x0800cbd8                _cleanup_r
 .text.__sinit  0x0800cbe4      0x10c d:/gcc-arm-none-eabi-10.3-2021.10/bin/../lib/gcc/arm-none-eabi/10.3.1/../../../../arm-none-eabi/lib/thumb/v7e-m/nofp\libg.a(lib_a-findfp.o)
                0x0800cbe4                __sinit
 .text.__sfp_lock_acquire
                0x0800ccf0        0xc d:/gcc-arm-none-eabi-10.3-2021.10/bin/../lib/gcc/arm-none-eabi/10.3.1/../../../../arm-none-eabi/lib/thumb/v7e-m/nofp\libg.a(lib_a-findfp.o)
                0x0800ccf0                __sfp_lock_acquire
 .text.__sfp_lock_release
                0x0800ccfc        0xc d:/gcc-arm-none-eabi-10.3-2021.10/bin/../lib/gcc/arm-none-eabi/10.3.1/../../../../arm-none-eabi/lib/thumb/v7e-m/nofp\libg.a(lib_a-findfp.o)
                0x0800ccfc                __sfp_lock_release
 .text.__fputwc
                0x0800cd08       0xa8 d:/gcc-arm-none-eabi-10.3-2021.10/bin/../lib/gcc/arm-none-eabi/10.3.1/../../../../arm-none-eabi/lib/thumb/v7e-m/nofp\libg.a(lib_a-fputwc.o)
                0x0800cd08                __fputwc
 .text._fputwc_r
                0x0800cdb0       0x68 d:/gcc-arm-none-eabi-10.3-2021.10/bin/../lib/gcc/arm-none-eabi/10.3.1/../../../../arm-none-eabi/lib/thumb/v7e-m/nofp\libg.a(lib_a-fputwc.o)
                0x0800cdb0                _fputwc_r
 .text.__sfvwrite_r
                0x0800ce18      0x2e8 d:/gcc-arm-none-eabi-10.3-2021.10/bin/../lib/gcc/arm-none-eabi/10.3.1/../../../../arm-none-eabi/lib/thumb/v7e-m/nofp\libg.a(lib_a-fvwrite.o)
                0x0800ce18                __sfvwrite_r
 .text._fwalk_reent
                0x0800d100       0x48 d:/gcc-arm-none-eabi-10.3-2021.10/bin/../lib/gcc/arm-none-eabi/10.3.1/../../../../arm-none-eabi/lib/thumb/v7e-m/nofp\libg.a(lib_a-fwalk.o)
                0x0800d100                _fwalk_reent
 .text.__smakebuf_r
                0x0800d148       0xe0 d:/gcc-arm-none-eabi-10.3-2021.10/bin/../lib/gcc/arm-none-eabi/10.3.1/../../../../arm-none-eabi/lib/thumb/v7e-m/nofp\libg.a(lib_a-makebuf.o)
                0x0800d148                __smakebuf_r
 .text.__sread  0x0800d228       0x24 d:/gcc-arm-none-eabi-10.3-2021.10/bin/../lib/gcc/arm-none-eabi/10.3.1/../../../../arm-none-eabi/lib/thumb/v7e-m/nofp\libg.a(lib_a-stdio.o)
                0x0800d228                __sread
 .text.__swrite
                0x0800d24c       0x40 d:/gcc-arm-none-eabi-10.3-2021.10/bin/../lib/gcc/arm-none-eabi/10.3.1/../../../../arm-none-eabi/lib/thumb/v7e-m/nofp\libg.a(lib_a-stdio.o)
                0x0800d24c                __swrite
 .text.__sseek  0x0800d28c       0x20 d:/gcc-arm-none-eabi-10.3-2021.10/bin/../lib/gcc/arm-none-eabi/10.3.1/../../../../arm-none-eabi/lib/thumb/v7e-m/nofp\libg.a(lib_a-stdio.o)
                0x0800d28c                __sseek
 .text.__sclose
                0x0800d2ac        0x8 d:/gcc-arm-none-eabi-10.3-2021.10/bin/../lib/gcc/arm-none-eabi/10.3.1/../../../../arm-none-eabi/lib/thumb/v7e-m/nofp\libg.a(lib_a-stdio.o)
                0x0800d2ac                __sclose
 .text.__swbuf_r
                0x0800d2b4       0xb0 d:/gcc-arm-none-eabi-10.3-2021.10/bin/../lib/gcc/arm-none-eabi/10.3.1/../../../../arm-none-eabi/lib/thumb/v7e-m/nofp\libg.a(lib_a-wbuf.o)
                0x0800d2b4                __swbuf_r
 .text._wcrtomb_r
                0x0800d364       0x3c d:/gcc-arm-none-eabi-10.3-2021.10/bin/../lib/gcc/arm-none-eabi/10.3.1/../../../../arm-none-eabi/lib/thumb/v7e-m/nofp\libg.a(lib_a-wcrtomb.o)
                0x0800d364                _wcrtomb_r
 .text._write_r
                0x0800d3a0       0x2c d:/gcc-arm-none-eabi-10.3-2021.10/bin/../lib/gcc/arm-none-eabi/10.3.1/../../../../arm-none-eabi/lib/thumb/v7e-m/nofp\libg.a(lib_a-writer.o)
                0x0800d3a0                _write_r
 .text._close_r
                0x0800d3cc       0x24 d:/gcc-arm-none-eabi-10.3-2021.10/bin/../lib/gcc/arm-none-eabi/10.3.1/../../../../arm-none-eabi/lib/thumb/v7e-m/nofp\libg.a(lib_a-closer.o)
                0x0800d3cc                _close_r
 .text._fclose_r
                0x0800d3f0       0xcc d:/gcc-arm-none-eabi-10.3-2021.10/bin/../lib/gcc/arm-none-eabi/10.3.1/../../../../arm-none-eabi/lib/thumb/v7e-m/nofp\libg.a(lib_a-fclose.o)
                0x0800d3f0                _fclose_r
 .text._fstat_r
                0x0800d4bc       0x2c d:/gcc-arm-none-eabi-10.3-2021.10/bin/../lib/gcc/arm-none-eabi/10.3.1/../../../../arm-none-eabi/lib/thumb/v7e-m/nofp\libg.a(lib_a-fstatr.o)
                0x0800d4bc                _fstat_r
 .text._isatty_r
                0x0800d4e8       0x24 d:/gcc-arm-none-eabi-10.3-2021.10/bin/../lib/gcc/arm-none-eabi/10.3.1/../../../../arm-none-eabi/lib/thumb/v7e-m/nofp\libg.a(lib_a-isattyr.o)
                0x0800d4e8                _isatty_r
 .text._lseek_r
                0x0800d50c       0x2c d:/gcc-arm-none-eabi-10.3-2021.10/bin/../lib/gcc/arm-none-eabi/10.3.1/../../../../arm-none-eabi/lib/thumb/v7e-m/nofp\libg.a(lib_a-lseekr.o)
                0x0800d50c                _lseek_r
 .text._read_r  0x0800d538       0x2c d:/gcc-arm-none-eabi-10.3-2021.10/bin/../lib/gcc/arm-none-eabi/10.3.1/../../../../arm-none-eabi/lib/thumb/v7e-m/nofp\libg.a(lib_a-readr.o)
                0x0800d538                _read_r
 *(.glue_7)
 .glue_7        0x0800d564        0x0 linker stubs
 *(.glue_7t)
 .glue_7t       0x0800d564        0x0 linker stubs
 *(.eh_frame)
 .eh_frame      0x0800d564        0x0 d:/gcc-arm-none-eabi-10.3-2021.10/bin/../lib/gcc/arm-none-eabi/10.3.1/thumb/v7e-m/nofp/crtbegin.o
 *(.init)
 .init          0x0800d564        0x4 d:/gcc-arm-none-eabi-10.3-2021.10/bin/../lib/gcc/arm-none-eabi/10.3.1/thumb/v7e-m/nofp/crti.o
                0x0800d564                _init
 .init          0x0800d568        0x8 d:/gcc-arm-none-eabi-10.3-2021.10/bin/../lib/gcc/arm-none-eabi/10.3.1/thumb/v7e-m/nofp/crtn.o
 *(.fini)
 .fini          0x0800d570        0x4 d:/gcc-arm-none-eabi-10.3-2021.10/bin/../lib/gcc/arm-none-eabi/10.3.1/thumb/v7e-m/nofp/crti.o
                0x0800d570                _fini
 .fini          0x0800d574        0x8 d:/gcc-arm-none-eabi-10.3-2021.10/bin/../lib/gcc/arm-none-eabi/10.3.1/thumb/v7e-m/nofp/crtn.o
                0x0800d57c                . = ALIGN (0x4)
                0x0800d57c                _etext = .

.vfp11_veneer   0x0800d57c        0x0
 .vfp11_veneer  0x0800d57c        0x0 linker stubs

.v4_bx          0x0800d57c        0x0
 .v4_bx         0x0800d57c        0x0 linker stubs

.iplt           0x0800d57c        0x0
 .iplt          0x0800d57c        0x0 d:/gcc-arm-none-eabi-10.3-2021.10/bin/../lib/gcc/arm-none-eabi/10.3.1/thumb/v7e-m/nofp/crtbegin.o

.rodata         0x0800d580     0x16b0
                0x0800d580                . = ALIGN (0x4)
 *(.rodata)
 *(.rodata*)
 .rodata.AHBPrescTable
                0x0800d580       0x10 CMakeFiles/Small_Television.elf.dir/Core/Src/system_stm32f4xx.c.obj
                0x0800d580                AHBPrescTable
 .rodata.APBPrescTable
                0x0800d590        0x8 CMakeFiles/Small_Television.elf.dir/Core/Src/system_stm32f4xx.c.obj
                0x0800d590                APBPrescTable
 .rodata._Z7SetTimev.str1.4
                0x0800d598       0x3c CMakeFiles/Small_Television.elf.dir/Cpp_Core/Src/Funcs.cpp.obj
 .rodata._Z3Disv.str1.4
                0x0800d5d4       0x37 CMakeFiles/Small_Television.elf.dir/Cpp_Core/Src/Funcs.cpp.obj
 *fill*         0x0800d60b        0x1 
 .rodata._Z5Timerv.str1.4
                0x0800d60c       0x43 CMakeFiles/Small_Television.elf.dir/Cpp_Core/Src/Funcs.cpp.obj
                                 0x47 (size before relaxing)
 *fill*         0x0800d64f        0x1 
 .rodata._Z5Aboutv.str1.4
                0x0800d650       0x43 CMakeFiles/Small_Television.elf.dir/Cpp_Core/Src/Funcs.cpp.obj
 *fill*         0x0800d693        0x1 
 .rodata._ZN8TLB_OLED8MainPageEv.str1.4
                0x0800d694       0x24 CMakeFiles/Small_Television.elf.dir/Cpp_Core/Src/TLB_OLED.cpp.obj
                                 0x28 (size before relaxing)
 .rodata.str1.4
                0x0800d6b8       0x27 CMakeFiles/Small_Television.elf.dir/Cpp_Core/Src/TLB_OLED.cpp.obj
 *fill*         0x0800d6df        0x1 
 .rodata.flagBitshiftOffset.0
                0x0800d6e0        0x8 CMakeFiles/Small_Television.elf.dir/Drivers/STM32F4xx_HAL_Driver/Src/stm32f4xx_hal_dma.c.obj
 .rodata.Dity   0x0800d6e8       0x20 CMakeFiles/Small_Television.elf.dir/OLED/Src/OLED_Data.c.obj
                0x0800d6e8                Dity
 .rodata.Heart  0x0800d708       0x20 CMakeFiles/Small_Television.elf.dir/OLED/Src/OLED_Data.c.obj
                0x0800d708                Heart
 .rodata.LeftArrow
                0x0800d728        0x8 CMakeFiles/Small_Television.elf.dir/OLED/Src/OLED_Data.c.obj
                0x0800d728                LeftArrow
 .rodata.OLED_CF16x16
                0x0800d730      0x894 CMakeFiles/Small_Television.elf.dir/OLED/Src/OLED_Data.c.obj
                0x0800d730                OLED_CF16x16
 .rodata.OLED_F6x8
                0x0800dfc4      0x23a CMakeFiles/Small_Television.elf.dir/OLED/Src/OLED_Data.c.obj
                0x0800dfc4                OLED_F6x8
 *fill*         0x0800e1fe        0x2 
 .rodata.OLED_F8x16
                0x0800e200      0x5f0 CMakeFiles/Small_Television.elf.dir/OLED/Src/OLED_Data.c.obj
                0x0800e200                OLED_F8x16
 .rodata.Temper
                0x0800e7f0       0x20 CMakeFiles/Small_Television.elf.dir/OLED/Src/OLED_Data.c.obj
                0x0800e7f0                Temper
 .rodata.Time   0x0800e810       0x20 CMakeFiles/Small_Television.elf.dir/OLED/Src/OLED_Data.c.obj
                0x0800e810                Time
 .rodata._global_impure_ptr
                0x0800e830        0x4 d:/gcc-arm-none-eabi-10.3-2021.10/bin/../lib/gcc/arm-none-eabi/10.3.1/../../../../arm-none-eabi/lib/thumb/v7e-m/nofp\libg.a(lib_a-impure.o)
                0x0800e830                _global_impure_ptr
 .rodata._svfprintf_r.str1.4
                0x0800e834       0x42 d:/gcc-arm-none-eabi-10.3-2021.10/bin/../lib/gcc/arm-none-eabi/10.3.1/../../../../arm-none-eabi/lib/thumb/v7e-m/nofp\libg.a(lib_a-svfprintf.o)
 *fill*         0x0800e876        0x2 
 .rodata.blanks.1
                0x0800e878       0x10 d:/gcc-arm-none-eabi-10.3-2021.10/bin/../lib/gcc/arm-none-eabi/10.3.1/../../../../arm-none-eabi/lib/thumb/v7e-m/nofp\libg.a(lib_a-svfprintf.o)
 .rodata.zeroes.0
                0x0800e888       0x10 d:/gcc-arm-none-eabi-10.3-2021.10/bin/../lib/gcc/arm-none-eabi/10.3.1/../../../../arm-none-eabi/lib/thumb/v7e-m/nofp\libg.a(lib_a-svfprintf.o)
 .rodata._dtoa_r.str1.4
                0x0800e898       0xa2 d:/gcc-arm-none-eabi-10.3-2021.10/bin/../lib/gcc/arm-none-eabi/10.3.1/../../../../arm-none-eabi/lib/thumb/v7e-m/nofp\libg.a(lib_a-dtoa.o)
                                 0xa6 (size before relaxing)
 *fill*         0x0800e93a        0x2 
 .rodata.__multadd.str1.4
                0x0800e93c       0x7f d:/gcc-arm-none-eabi-10.3-2021.10/bin/../lib/gcc/arm-none-eabi/10.3.1/../../../../arm-none-eabi/lib/thumb/v7e-m/nofp\libg.a(lib_a-mprec.o)
                                 0x93 (size before relaxing)
 *fill*         0x0800e9bb        0x5 
 .rodata.__mprec_bigtens
                0x0800e9c0       0x28 d:/gcc-arm-none-eabi-10.3-2021.10/bin/../lib/gcc/arm-none-eabi/10.3.1/../../../../arm-none-eabi/lib/thumb/v7e-m/nofp\libg.a(lib_a-mprec.o)
                0x0800e9c0                __mprec_bigtens
 .rodata.__mprec_tens
                0x0800e9e8       0xc8 d:/gcc-arm-none-eabi-10.3-2021.10/bin/../lib/gcc/arm-none-eabi/10.3.1/../../../../arm-none-eabi/lib/thumb/v7e-m/nofp\libg.a(lib_a-mprec.o)
                0x0800e9e8                __mprec_tens
 .rodata.p05.0  0x0800eab0        0xc d:/gcc-arm-none-eabi-10.3-2021.10/bin/../lib/gcc/arm-none-eabi/10.3.1/../../../../arm-none-eabi/lib/thumb/v7e-m/nofp\libg.a(lib_a-mprec.o)
 .rodata.__assert_func.str1.4
                0x0800eabc       0x3f d:/gcc-arm-none-eabi-10.3-2021.10/bin/../lib/gcc/arm-none-eabi/10.3.1/../../../../arm-none-eabi/lib/thumb/v7e-m/nofp\libg.a(lib_a-assert.o)
                                 0x43 (size before relaxing)
 *fill*         0x0800eafb        0x1 
 .rodata._setlocale_r.str1.4
                0x0800eafc        0xa d:/gcc-arm-none-eabi-10.3-2021.10/bin/../lib/gcc/arm-none-eabi/10.3.1/../../../../arm-none-eabi/lib/thumb/v7e-m/nofp\libg.a(lib_a-locale.o)
                                  0xd (size before relaxing)
 *fill*         0x0800eb06        0x2 
 .rodata.str1.4
                0x0800eb08        0x2 d:/gcc-arm-none-eabi-10.3-2021.10/bin/../lib/gcc/arm-none-eabi/10.3.1/../../../../arm-none-eabi/lib/thumb/v7e-m/nofp\libg.a(lib_a-locale.o)
 .rodata._vfiprintf_r.str1.4
                0x0800eb0a       0x2f d:/gcc-arm-none-eabi-10.3-2021.10/bin/../lib/gcc/arm-none-eabi/10.3.1/../../../../arm-none-eabi/lib/thumb/v7e-m/nofp\libg.a(lib_a-vfiprintf.o)
 *fill*         0x0800eb0a        0x2 
 .rodata.blanks.1
                0x0800eb0c       0x10 d:/gcc-arm-none-eabi-10.3-2021.10/bin/../lib/gcc/arm-none-eabi/10.3.1/../../../../arm-none-eabi/lib/thumb/v7e-m/nofp\libg.a(lib_a-vfiprintf.o)
 .rodata.zeroes.0
                0x0800eb1c       0x10 d:/gcc-arm-none-eabi-10.3-2021.10/bin/../lib/gcc/arm-none-eabi/10.3.1/../../../../arm-none-eabi/lib/thumb/v7e-m/nofp\libg.a(lib_a-vfiprintf.o)
 .rodata._ctype_
                0x0800eb2c      0x101 d:/gcc-arm-none-eabi-10.3-2021.10/bin/../lib/gcc/arm-none-eabi/10.3.1/../../../../arm-none-eabi/lib/thumb/v7e-m/nofp\libg.a(lib_a-ctype_.o)
                0x0800eb2c                _ctype_
                0x0800ec30                . = ALIGN (0x4)
 *fill*         0x0800ec2d        0x3 

.ARM.extab      0x0800ec30       0x84
 *(.ARM.extab* .gnu.linkonce.armextab.*)
 .ARM.extab.text.BeefStart
                0x0800ec30        0xc CMakeFiles/Small_Television.elf.dir/Cpp_Core/Src/BuzzerControl.cpp.obj
 .ARM.extab.text.BeefStop
                0x0800ec3c        0xc CMakeFiles/Small_Television.elf.dir/Cpp_Core/Src/BuzzerControl.cpp.obj
 .ARM.extab.text.EncoderInit
                0x0800ec48        0xc CMakeFiles/Small_Television.elf.dir/Cpp_Core/Src/DoubleButtonControl.cpp.obj
 .ARM.extab.text.DoubleButtonInit
                0x0800ec54        0xc CMakeFiles/Small_Television.elf.dir/Cpp_Core/Src/DoubleButtonControl.cpp.obj
 .ARM.extab.text.HAL_TIM_PeriodElapsedCallback
                0x0800ec60        0xc CMakeFiles/Small_Television.elf.dir/Cpp_Core/Src/Funcs.cpp.obj
 .ARM.extab.text._ZN8TLB_OLED4InitEv
                0x0800ec6c        0xc CMakeFiles/Small_Television.elf.dir/Cpp_Core/Src/TLB_OLED.cpp.obj
 .ARM.extab.text._ZN8TLB_OLED4MENUEv
                0x0800ec78        0xc CMakeFiles/Small_Television.elf.dir/Cpp_Core/Src/TLB_OLED.cpp.obj
 .ARM.extab.text._Z11my_delay_msm
                0x0800ec84        0xc CMakeFiles/Small_Television.elf.dir/Cpp_Core/Src/usTIM.cpp.obj
 .ARM.extab.text.Start_Hand
                0x0800ec90        0xc CMakeFiles/Small_Television.elf.dir/Cpp_Hand/Src/Cpp_Hand.cpp.obj
 .ARM.extab     0x0800ec9c       0x18 d:/gcc-arm-none-eabi-10.3-2021.10/bin/../lib/gcc/arm-none-eabi/10.3.1/thumb/v7e-m/nofp\libgcc.a(pr-support.o)

.ARM            0x0800ecb4      0x178
                0x0800ecb4                __exidx_start = .
 *(.ARM.exidx*)
 .ARM.exidx.text.BeefStart
                0x0800ed6c        0x8 CMakeFiles/Small_Television.elf.dir/Cpp_Core/Src/BuzzerControl.cpp.obj
 .ARM.exidx.text.BeefStop
                0x0800ed74        0x8 CMakeFiles/Small_Television.elf.dir/Cpp_Core/Src/BuzzerControl.cpp.obj
 .ARM.exidx.text._ZL11DHT11_UP_INv
                0x0800ed7c        0x8 CMakeFiles/Small_Television.elf.dir/Cpp_Core/Src/DHT11.cpp.obj
 .ARM.exidx.text._ZL12DHT11_PP_OUTv
                0x0800ed84        0x0 CMakeFiles/Small_Television.elf.dir/Cpp_Core/Src/DHT11.cpp.obj
                                  0x8 (size before relaxing)
 .ARM.exidx.text._Z14DHT11_ReadBytev
                0x0800ed84        0x8 CMakeFiles/Small_Television.elf.dir/Cpp_Core/Src/DHT11.cpp.obj
 .ARM.exidx.text._Z14DHT11_ReadDataP18DHT11_Data_TypeDef
                0x0800ed8c        0x8 CMakeFiles/Small_Television.elf.dir/Cpp_Core/Src/DHT11.cpp.obj
 .ARM.exidx.text.EncoderInit
                0x0800ed94        0x8 CMakeFiles/Small_Television.elf.dir/Cpp_Core/Src/DoubleButtonControl.cpp.obj
 .ARM.exidx.text._Z11count_valuev
                0x0800ed9c        0x8 CMakeFiles/Small_Television.elf.dir/Cpp_Core/Src/DoubleButtonControl.cpp.obj
 .ARM.exidx.text.EncoderUpDown
                0x0800eda4        0x0 CMakeFiles/Small_Television.elf.dir/Cpp_Core/Src/DoubleButtonControl.cpp.obj
                                  0x8 (size before relaxing)
 .ARM.exidx.text.EncoderEnter
                0x0800eda4        0x0 CMakeFiles/Small_Television.elf.dir/Cpp_Core/Src/DoubleButtonControl.cpp.obj
                                  0x8 (size before relaxing)
 .ARM.exidx.text._Z11limit_valuev
                0x0800eda4        0x0 CMakeFiles/Small_Television.elf.dir/Cpp_Core/Src/DoubleButtonControl.cpp.obj
                                  0x8 (size before relaxing)
 .ARM.exidx.text.DoubleButtonInit
                0x0800eda4        0x8 CMakeFiles/Small_Television.elf.dir/Cpp_Core/Src/DoubleButtonControl.cpp.obj
 .ARM.exidx.text.DoubleButtonEnter
                0x0800edac        0x8 CMakeFiles/Small_Television.elf.dir/Cpp_Core/Src/DoubleButtonControl.cpp.obj
 .ARM.exidx.text.DoubleButtonUp
                0x0800edb4        0x0 CMakeFiles/Small_Television.elf.dir/Cpp_Core/Src/DoubleButtonControl.cpp.obj
                                  0x8 (size before relaxing)
 .ARM.exidx.text.DoubleButtonDown
                0x0800edb4        0x0 CMakeFiles/Small_Television.elf.dir/Cpp_Core/Src/DoubleButtonControl.cpp.obj
                                  0x8 (size before relaxing)
 .ARM.exidx.text.HAL_GPIO_EXTI_Callback
                0x0800edb4        0x0 CMakeFiles/Small_Television.elf.dir/Cpp_Core/Src/DoubleButtonControl.cpp.obj
                                  0x8 (size before relaxing)
 .ARM.exidx.text._Z5Checkv
                0x0800edb4        0x0 CMakeFiles/Small_Television.elf.dir/Cpp_Core/Src/Funcs.cpp.obj
                                  0x8 (size before relaxing)
 .ARM.exidx.text._Z7SetTimev
                0x0800edb4        0x8 CMakeFiles/Small_Television.elf.dir/Cpp_Core/Src/Funcs.cpp.obj
 .ARM.exidx.text._Z3Disv
                0x0800edbc        0x8 CMakeFiles/Small_Television.elf.dir/Cpp_Core/Src/Funcs.cpp.obj
 .ARM.exidx.text._Z5Timerv
                0x0800edc4        0x8 CMakeFiles/Small_Television.elf.dir/Cpp_Core/Src/Funcs.cpp.obj
 .ARM.exidx.text._Z5Aboutv
                0x0800edcc        0x8 CMakeFiles/Small_Television.elf.dir/Cpp_Core/Src/Funcs.cpp.obj
 .ARM.exidx.text.HAL_TIM_PeriodElapsedCallback
                0x0800edd4        0x8 CMakeFiles/Small_Television.elf.dir/Cpp_Core/Src/Funcs.cpp.obj
 .ARM.exidx.text._Z14SuperVoiceInitv
                0x0800eddc        0x8 CMakeFiles/Small_Television.elf.dir/Cpp_Core/Src/SuperVoiceWave.cpp.obj
 .ARM.exidx.text._Z11getDistancev
                0x0800ede4        0x0 CMakeFiles/Small_Television.elf.dir/Cpp_Core/Src/SuperVoiceWave.cpp.obj
                                  0x8 (size before relaxing)
 .ARM.exidx.text.HAL_TIM_IC_CaptureCallback
                0x0800ede4        0x8 CMakeFiles/Small_Television.elf.dir/Cpp_Core/Src/SuperVoiceWave.cpp.obj
 .ARM.exidx.text._ZN8TLB_OLED4InitEv
                0x0800edec        0x8 CMakeFiles/Small_Television.elf.dir/Cpp_Core/Src/TLB_OLED.cpp.obj
 .ARM.exidx.text._ZN8TLB_OLED8MainPageEv
                0x0800edf4        0x8 CMakeFiles/Small_Television.elf.dir/Cpp_Core/Src/TLB_OLED.cpp.obj
 .ARM.exidx.text._ZN8TLB_OLED4MENUEv
                0x0800edfc        0x8 CMakeFiles/Small_Television.elf.dir/Cpp_Core/Src/TLB_OLED.cpp.obj
 .ARM.exidx.text._Z11my_delay_usm
                0x0800ee04        0x8 CMakeFiles/Small_Television.elf.dir/Cpp_Core/Src/usTIM.cpp.obj
 .ARM.exidx.text._Z11my_delay_msm
                0x0800ee0c        0x8 CMakeFiles/Small_Television.elf.dir/Cpp_Core/Src/usTIM.cpp.obj
 .ARM.exidx.text.Start_Hand
                0x0800ee14        0x8 CMakeFiles/Small_Television.elf.dir/Cpp_Hand/Src/Cpp_Hand.cpp.obj
 .ARM.exidx.text.Loop_Hand
                0x0800ee1c       0x10 CMakeFiles/Small_Television.elf.dir/Cpp_Hand/Src/Cpp_Hand.cpp.obj
                                  0x8 (size before relaxing)
 .ARM.exidx     0x0800ecb4        0x8 d:/gcc-arm-none-eabi-10.3-2021.10/bin/../lib/gcc/arm-none-eabi/10.3.1/thumb/v7e-m/nofp\libgcc.a(_udivmoddi4.o)
 .ARM.exidx     0x0800ecbc       0x78 d:/gcc-arm-none-eabi-10.3-2021.10/bin/../lib/gcc/arm-none-eabi/10.3.1/thumb/v7e-m/nofp\libgcc.a(unwind-arm.o)
                                 0xd8 (size before relaxing)
 .ARM.exidx     0x0800ed34       0x38 d:/gcc-arm-none-eabi-10.3-2021.10/bin/../lib/gcc/arm-none-eabi/10.3.1/thumb/v7e-m/nofp\libgcc.a(pr-support.o)
                0x0800ee2c                __exidx_end = .

.rel.dyn        0x0800ee2c        0x0
 .rel.iplt      0x0800ee2c        0x0 d:/gcc-arm-none-eabi-10.3-2021.10/bin/../lib/gcc/arm-none-eabi/10.3.1/thumb/v7e-m/nofp/crtbegin.o

.preinit_array  0x0800ee2c        0x0
                0x0800ee2c                PROVIDE (__preinit_array_start = .)
 *(.preinit_array*)
                0x0800ee2c                PROVIDE (__preinit_array_end = .)

.init_array     0x0800ee2c        0x8
                0x0800ee2c                PROVIDE (__init_array_start = .)
 *(SORT_BY_NAME(.init_array.*))
 .init_array.00000
                0x0800ee2c        0x4 d:/gcc-arm-none-eabi-10.3-2021.10/bin/../lib/gcc/arm-none-eabi/10.3.1/../../../../arm-none-eabi/lib/thumb/v7e-m/nofp\libg.a(lib_a-__call_atexit.o)
 *(.init_array*)
 .init_array    0x0800ee30        0x4 d:/gcc-arm-none-eabi-10.3-2021.10/bin/../lib/gcc/arm-none-eabi/10.3.1/thumb/v7e-m/nofp/crtbegin.o
                0x0800ee34                PROVIDE (__init_array_end = .)

.fini_array     0x0800ee34        0x4
                0x0800ee34                PROVIDE (__fini_array_start = .)
 *(SORT_BY_NAME(.fini_array.*))
 *(.fini_array*)
 .fini_array    0x0800ee34        0x4 d:/gcc-arm-none-eabi-10.3-2021.10/bin/../lib/gcc/arm-none-eabi/10.3.1/thumb/v7e-m/nofp/crtbegin.o
                0x0800ee38                PROVIDE (__fini_array_end = .)
                0x0800ee38                _sidata = LOADADDR (.data)

.data           0x20000000      0xa38 load address 0x0800ee38
                0x20000000                . = ALIGN (0x4)
                0x20000000                _sdata = .
 *(.data)
 *(.data*)
 .data.SystemCoreClock
                0x20000000        0x4 CMakeFiles/Small_Television.elf.dir/Core/Src/system_stm32f4xx.c.obj
                0x20000000                SystemCoreClock
 .data.limit    0x20000004        0x4 CMakeFiles/Small_Television.elf.dir/Cpp_Core/Src/DoubleButtonControl.cpp.obj
                0x20000004                limit
 .data.date     0x20000008        0x1 CMakeFiles/Small_Television.elf.dir/Cpp_Core/Src/Funcs.cpp.obj
                0x20000008                date
 .data.hour     0x20000009        0x1 CMakeFiles/Small_Television.elf.dir/Cpp_Core/Src/Funcs.cpp.obj
                0x20000009                hour
 .data.month    0x2000000a        0x1 CMakeFiles/Small_Television.elf.dir/Cpp_Core/Src/Funcs.cpp.obj
                0x2000000a                month
 .data.week     0x2000000b        0x1 CMakeFiles/Small_Television.elf.dir/Cpp_Core/Src/Funcs.cpp.obj
                0x2000000b                week
 .data.year     0x2000000c        0x1 CMakeFiles/Small_Television.elf.dir/Cpp_Core/Src/Funcs.cpp.obj
                0x2000000c                year
 *fill*         0x2000000d        0x3 
 .data._ZZN8TLB_OLED4MENUEvE10OptionList
                0x20000010       0x60 CMakeFiles/Small_Television.elf.dir/Cpp_Core/Src/TLB_OLED.cpp.obj
 .data._ZZN8TLB_OLED4MENUEvE5hMENU
                0x20000070       0x14 CMakeFiles/Small_Television.elf.dir/Cpp_Core/Src/TLB_OLED.cpp.obj
 .data.uwTickFreq
                0x20000084        0x1 CMakeFiles/Small_Television.elf.dir/Drivers/STM32F4xx_HAL_Driver/Src/stm32f4xx_hal.c.obj
                0x20000084                uwTickFreq
 *fill*         0x20000085        0x3 
 .data.uwTickPrio
                0x20000088        0x4 CMakeFiles/Small_Television.elf.dir/Drivers/STM32F4xx_HAL_Driver/Src/stm32f4xx_hal.c.obj
                0x20000088                uwTickPrio
 .data._impure_ptr
                0x2000008c        0x4 d:/gcc-arm-none-eabi-10.3-2021.10/bin/../lib/gcc/arm-none-eabi/10.3.1/../../../../arm-none-eabi/lib/thumb/v7e-m/nofp\libg.a(lib_a-impure.o)
                0x2000008c                _impure_ptr
 .data.impure_data